000 (4050614.000.000) 06/26 12:01:32 Job submitted from host: <10.5.0.46:9618?addrs=10.5.0.46-9618&noUDP&sock=2468_6bd3_242>
...
001 (4050614.000.000) 06/26 12:01:43 Job executing on host: <10.5.226.146:9618?addrs=10.5.226.146-9618+[--1]-9618&noUDP&sock=2170_049a_3>
...
006 (4050614.000.000) 06/26 12:01:43 Image size of job updated: 5
	0  -  MemoryUsage of job (MB)
	0  -  ResidentSetSize of job (KB)
...
005 (4050614.000.000) 06/26 12:01:43 Job terminated.
	(1) Normal termination (return value 127)
		Usr 0 00:00:00, Sys 0 00:00:00  -  Run Remote Usage
		Usr 0 00:00:00, Sys 0 00:00:00  -  Run Local Usage
		Usr 0 00:00:00, Sys 0 00:00:00  -  Total Remote Usage
		Usr 0 00:00:00, Sys 0 00:00:00  -  Total Local Usage
	0  -  Run Bytes Sent By Job
	0  -  Run Bytes Received By Job
	0  -  Total Bytes Sent By Job
	0  -  Total Bytes Received By Job
	Partitionable Resources :    Usage  Request Allocated
	   Cpus                 :                 1         1
	   Disk (KB)            :        5        5   1506355
	   Memory (MB)          :        0        1         1
...
000 (4050615.000.000) 06/26 12:04:30 Job submitted from host: <10.5.0.46:9618?addrs=10.5.0.46-9618&noUDP&sock=2468_6bd3_242>
...
001 (4050615.000.000) 06/26 12:04:36 Job executing on host: <10.5.138.206:9618?addrs=10.5.138.206-9618+[--1]-9618&noUDP&sock=2172_63cb_3>
...
006 (4050615.000.000) 06/26 12:04:37 Image size of job updated: 5
	0  -  MemoryUsage of job (MB)
	0  -  ResidentSetSize of job (KB)
...
005 (4050615.000.000) 06/26 12:04:37 Job terminated.
	(1) Normal termination (return value 127)
		Usr 0 00:00:00, Sys 0 00:00:00  -  Run Remote Usage
		Usr 0 00:00:00, Sys 0 00:00:00  -  Run Local Usage
		Usr 0 00:00:00, Sys 0 00:00:00  -  Total Remote Usage
		Usr 0 00:00:00, Sys 0 00:00:00  -  Total Local Usage
	0  -  Run Bytes Sent By Job
	0  -  Run Bytes Received By Job
	0  -  Total Bytes Sent By Job
	0  -  Total Bytes Received By Job
	Partitionable Resources :    Usage  Request Allocated
	   Cpus                 :                 1         1
	   Disk (KB)            :        5        5   1506055
	   Memory (MB)          :        0        1         1
...
000 (4050616.000.000) 06/26 12:19:09 Job submitted from host: <10.5.0.46:9618?addrs=10.5.0.46-9618&noUDP&sock=2468_6bd3_242>
...
001 (4050616.000.000) 06/26 12:20:16 Job executing on host: <10.5.140.7:9618?addrs=10.5.140.7-9618+[--1]-9618&noUDP&sock=2177_d1c4_3>
...
006 (4050616.000.000) 06/26 12:20:17 Image size of job updated: 5
	0  -  MemoryUsage of job (MB)
	0  -  ResidentSetSize of job (KB)
...
005 (4050616.000.000) 06/26 12:20:17 Job terminated.
	(1) Normal termination (return value 127)
		Usr 0 00:00:00, Sys 0 00:00:00  -  Run Remote Usage
		Usr 0 00:00:00, Sys 0 00:00:00  -  Run Local Usage
		Usr 0 00:00:00, Sys 0 00:00:00  -  Total Remote Usage
		Usr 0 00:00:00, Sys 0 00:00:00  -  Total Local Usage
	0  -  Run Bytes Sent By Job
	0  -  Run Bytes Received By Job
	0  -  Total Bytes Sent By Job
	0  -  Total Bytes Received By Job
	Partitionable Resources :    Usage  Request Allocated
	   Cpus                 :                 1         1
	   Disk (KB)            :        5        5   1506232
	   Memory (MB)          :        0        1         1
...
000 (4050617.000.000) 06/26 12:37:18 Job submitted from host: <10.5.0.46:9618?addrs=10.5.0.46-9618&noUDP&sock=2468_6bd3_242>
...
001 (4050617.000.000) 06/26 12:37:42 Job executing on host: <10.5.142.189:9618?addrs=10.5.142.189-9618+[--1]-9618&noUDP&sock=2176_222c_3>
...
006 (4050617.000.000) 06/26 12:37:43 Image size of job updated: 5
	0  -  MemoryUsage of job (MB)
	0  -  ResidentSetSize of job (KB)
...
005 (4050617.000.000) 06/26 12:37:43 Job terminated.
	(1) Normal termination (return value 127)
		Usr 0 00:00:00, Sys 0 00:00:00  -  Run Remote Usage
		Usr 0 00:00:00, Sys 0 00:00:00  -  Run Local Usage
		Usr 0 00:00:00, Sys 0 00:00:00  -  Total Remote Usage
		Usr 0 00:00:00, Sys 0 00:00:00  -  Total Local Usage
	0  -  Run Bytes Sent By Job
	0  -  Run Bytes Received By Job
	0  -  Total Bytes Sent By Job
	0  -  Total Bytes Received By Job
	Partitionable Resources :    Usage  Request Allocated
	   Cpus                 :                 1         1
	   Disk (KB)            :        5        5   1506007
	   Memory (MB)          :        0        1         1
...
000 (4050618.000.000) 06/26 12:39:30 Job submitted from host: <10.5.0.46:9618?addrs=10.5.0.46-9618&noUDP&sock=2468_6bd3_242>
...
001 (4050618.000.000) 06/26 12:39:36 Job executing on host: <10.5.138.219:9618?addrs=10.5.138.219-9618+[--1]-9618&noUDP&sock=2174_c2fb_3>
...
006 (4050618.000.000) 06/26 12:39:37 Image size of job updated: 5
	0  -  MemoryUsage of job (MB)
	0  -  ResidentSetSize of job (KB)
...
005 (4050618.000.000) 06/26 12:39:37 Job terminated.
	(1) Normal termination (return value 127)
		Usr 0 00:00:00, Sys 0 00:00:00  -  Run Remote Usage
		Usr 0 00:00:00, Sys 0 00:00:00  -  Run Local Usage
		Usr 0 00:00:00, Sys 0 00:00:00  -  Total Remote Usage
		Usr 0 00:00:00, Sys 0 00:00:00  -  Total Local Usage
	0  -  Run Bytes Sent By Job
	0  -  Run Bytes Received By Job
	0  -  Total Bytes Sent By Job
	0  -  Total Bytes Received By Job
	Partitionable Resources :    Usage  Request Allocated
	   Cpus                 :                 1         1
	   Disk (KB)            :        5        5   1506225
	   Memory (MB)          :        0        1         1
...
000 (4050619.000.000) 06/26 12:41:22 Job submitted from host: <10.5.0.46:9618?addrs=10.5.0.46-9618&noUDP&sock=2468_6bd3_242>
...
001 (4050619.000.000) 06/26 12:41:28 Job executing on host: <10.5.147.195:9618?addrs=10.5.147.195-9618+[--1]-9618&noUDP&sock=2561_3622_3>
...
006 (4050619.000.000) 06/26 12:41:37 Image size of job updated: 11832
	7  -  MemoryUsage of job (MB)
	6188  -  ResidentSetSize of job (KB)
...
006 (4050619.000.000) 06/26 12:42:45 Image size of job updated: 11836
	7  -  MemoryUsage of job (MB)
	6188  -  ResidentSetSize of job (KB)
...
005 (4050619.000.000) 06/26 12:42:45 Job terminated.
	(1) Normal termination (return value 0)
		Usr 0 00:01:11, Sys 0 00:00:00  -  Run Remote Usage
		Usr 0 00:00:00, Sys 0 00:00:00  -  Run Local Usage
		Usr 0 00:01:11, Sys 0 00:00:00  -  Total Remote Usage
		Usr 0 00:00:00, Sys 0 00:00:00  -  Total Local Usage
	0  -  Run Bytes Sent By Job
	0  -  Run Bytes Received By Job
	0  -  Total Bytes Sent By Job
	0  -  Total Bytes Received By Job
	Partitionable Resources :    Usage  Request Allocated
	   Cpus                 :                 1         1
	   Disk (KB)            :        5        5   1505991
	   Memory (MB)          :        7        1         1
...
000 (4050620.000.000) 06/26 12:44:48 Job submitted from host: <10.5.0.46:9618?addrs=10.5.0.46-9618&noUDP&sock=2468_6bd3_242>
...
001 (4050620.000.000) 06/26 12:44:54 Job executing on host: <10.5.143.64:9618?addrs=10.5.143.64-9618+[--1]-9618&noUDP&sock=2590_6ac9_3>
...
006 (4050620.000.000) 06/26 12:45:03 Image size of job updated: 11820
	7  -  MemoryUsage of job (MB)
	6176  -  ResidentSetSize of job (KB)
...
006 (4050620.000.000) 06/26 12:50:04 Image size of job updated: 12392
	7  -  MemoryUsage of job (MB)
	6608  -  ResidentSetSize of job (KB)
...
005 (4050620.000.000) 06/26 19:25:49 Job terminated.
	(1) Normal termination (return value 0)
		Usr 0 06:34:14, Sys 0 00:00:36  -  Run Remote Usage
		Usr 0 00:00:00, Sys 0 00:00:00  -  Run Local Usage
		Usr 0 06:34:14, Sys 0 00:00:36  -  Total Remote Usage
		Usr 0 00:00:00, Sys 0 00:00:00  -  Total Local Usage
	0  -  Run Bytes Sent By Job
	0  -  Run Bytes Received By Job
	0  -  Total Bytes Sent By Job
	0  -  Total Bytes Received By Job
	Partitionable Resources :    Usage  Request Allocated
	   Cpus                 :                 1         1
	   Disk (KB)            :        5        5   1506463
	   Memory (MB)          :        7        1         1
...
000 (4050751.000.000) 06/27 15:35:49 Job submitted from host: <10.5.0.46:9618?addrs=10.5.0.46-9618&noUDP&sock=2468_6bd3_242>
...
001 (4050751.000.000) 06/27 15:35:56 Job executing on host: <10.5.142.91:9618?addrs=10.5.142.91-9618+[--1]-9618&noUDP&sock=2156_6a47_3>
...
006 (4050751.000.000) 06/27 15:36:04 Image size of job updated: 11792
	7  -  MemoryUsage of job (MB)
	6176  -  ResidentSetSize of job (KB)
...
006 (4050751.000.000) 06/27 15:41:04 Image size of job updated: 11920
	7  -  MemoryUsage of job (MB)
	6184  -  ResidentSetSize of job (KB)
...
000 (4050779.000.000) 06/27 16:18:19 Job submitted from host: <10.5.0.46:9618?addrs=10.5.0.46-9618&noUDP&sock=2468_6bd3_242>
...
001 (4050779.000.000) 06/27 16:18:26 Job executing on host: <10.5.141.167:9618?addrs=10.5.141.167-9618+[--1]-9618&noUDP&sock=2149_9d1d_3>
...
006 (4050779.000.000) 06/27 16:18:34 Image size of job updated: 11748
	7  -  MemoryUsage of job (MB)
	6152  -  ResidentSetSize of job (KB)
...
006 (4050779.000.000) 06/27 16:23:34 Image size of job updated: 12140
	7  -  MemoryUsage of job (MB)
	6396  -  ResidentSetSize of job (KB)
...
006 (4050779.000.000) 06/28 01:39:32 Image size of job updated: 12156
	7  -  MemoryUsage of job (MB)
	6396  -  ResidentSetSize of job (KB)
...
005 (4050751.000.000) 06/28 03:29:36 Job terminated.
	(1) Normal termination (return value 0)
		Usr 0 11:50:30, Sys 0 00:00:14  -  Run Remote Usage
		Usr 0 00:00:00, Sys 0 00:00:00  -  Run Local Usage
		Usr 0 11:50:30, Sys 0 00:00:14  -  Total Remote Usage
		Usr 0 00:00:00, Sys 0 00:00:00  -  Total Local Usage
	0  -  Run Bytes Sent By Job
	0  -  Run Bytes Received By Job
	0  -  Total Bytes Sent By Job
	0  -  Total Bytes Received By Job
	Partitionable Resources :    Usage  Request Allocated
	   Cpus                 :                 1         1
	   Disk (KB)            :        5        5   1506122
	   Memory (MB)          :        7        1         1
...
005 (4050779.000.000) 06/28 04:15:22 Job terminated.
	(1) Normal termination (return value 0)
		Usr 0 11:53:43, Sys 0 00:00:10  -  Run Remote Usage
		Usr 0 00:00:00, Sys 0 00:00:00  -  Run Local Usage
		Usr 0 11:53:43, Sys 0 00:00:10  -  Total Remote Usage
		Usr 0 00:00:00, Sys 0 00:00:00  -  Total Local Usage
	0  -  Run Bytes Sent By Job
	0  -  Run Bytes Received By Job
	0  -  Total Bytes Sent By Job
	0  -  Total Bytes Received By Job
	Partitionable Resources :    Usage  Request Allocated
	   Cpus                 :                 1         1
	   Disk (KB)            :        5        5   1506001
	   Memory (MB)          :        7        1         1
...
000 (4056039.000.000) 07/01 12:07:07 Job submitted from host: <10.5.0.46:9618?addrs=10.5.0.46-9618&noUDP&sock=2468_6bd3_242>
...
001 (4056039.000.000) 07/01 12:07:17 Job executing on host: <10.5.141.220:9618?addrs=10.5.141.220-9618+[--1]-9618&noUDP&sock=2159_790f_3>
...
006 (4056039.000.000) 07/01 12:07:25 Image size of job updated: 11884
	7  -  MemoryUsage of job (MB)
	6284  -  ResidentSetSize of job (KB)
...
006 (4056039.000.000) 07/01 12:12:25 Image size of job updated: 12436
	7  -  MemoryUsage of job (MB)
	6696  -  ResidentSetSize of job (KB)
...
005 (4056039.000.000) 07/02 00:23:35 Job terminated.
	(1) Normal termination (return value 0)
		Usr 0 12:13:07, Sys 0 00:00:09  -  Run Remote Usage
		Usr 0 00:00:00, Sys 0 00:00:00  -  Run Local Usage
		Usr 0 12:13:07, Sys 0 00:00:09  -  Total Remote Usage
		Usr 0 00:00:00, Sys 0 00:00:00  -  Total Local Usage
	0  -  Run Bytes Sent By Job
	0  -  Run Bytes Received By Job
	0  -  Total Bytes Sent By Job
	0  -  Total Bytes Received By Job
	Partitionable Resources :    Usage  Request Allocated
	   Cpus                 :                 1         1
	   Disk (KB)            :        5        5   1506130
	   Memory (MB)          :        7        1         1
...
000 (4058460.000.000) 07/02 16:44:31 Job submitted from host: <10.5.0.46:9618?addrs=10.5.0.46-9618&noUDP&sock=2468_6bd3_242>
...
001 (4058460.000.000) 07/02 16:44:36 Job executing on host: <10.5.141.138:9618?addrs=10.5.141.138-9618+[--1]-9618&noUDP&sock=2176_222c_3>
...
006 (4058460.000.000) 07/02 16:44:45 Image size of job updated: 12848
	8  -  MemoryUsage of job (MB)
	7256  -  ResidentSetSize of job (KB)
...
006 (4058460.000.000) 07/02 16:49:46 Image size of job updated: 12904
	8  -  MemoryUsage of job (MB)
	7256  -  ResidentSetSize of job (KB)
...
000 (4058461.000.000) 07/02 16:53:49 Job submitted from host: <10.5.0.46:9618?addrs=10.5.0.46-9618&noUDP&sock=2468_6bd3_242>
...
001 (4058461.000.000) 07/02 16:54:02 Job executing on host: <10.5.143.8:9618?addrs=10.5.143.8-9618+[--1]-9618&noUDP&sock=2177_d1c4_3>
...
006 (4058461.000.000) 07/02 16:54:11 Image size of job updated: 12224
	7  -  MemoryUsage of job (MB)
	6628  -  ResidentSetSize of job (KB)
...
006 (4058461.000.000) 07/02 16:59:13 Image size of job updated: 12232
	7  -  MemoryUsage of job (MB)
	6632  -  ResidentSetSize of job (KB)
...
006 (4058461.000.000) 07/02 17:04:13 Image size of job updated: 12376
	7  -  MemoryUsage of job (MB)
	6636  -  ResidentSetSize of job (KB)
...
006 (4058460.000.000) 07/02 19:15:02 Image size of job updated: 12956
	8  -  MemoryUsage of job (MB)
	7256  -  ResidentSetSize of job (KB)
...
006 (4058461.000.000) 07/03 00:40:00 Image size of job updated: 12392
	7  -  MemoryUsage of job (MB)
	6636  -  ResidentSetSize of job (KB)
...
006 (4058461.000.000) 07/03 03:35:20 Image size of job updated: 12592
	7  -  MemoryUsage of job (MB)
	6836  -  ResidentSetSize of job (KB)
...
006 (4058461.000.000) 07/03 04:00:23 Image size of job updated: 12616
	7  -  MemoryUsage of job (MB)
	6860  -  ResidentSetSize of job (KB)
...
005 (4058460.000.000) 07/03 15:06:20 Job terminated.
	(1) Normal termination (return value 0)
		Usr 0 22:09:41, Sys 0 00:00:16  -  Run Remote Usage
		Usr 0 00:00:00, Sys 0 00:00:00  -  Run Local Usage
		Usr 0 22:09:41, Sys 0 00:00:16  -  Total Remote Usage
		Usr 0 00:00:00, Sys 0 00:00:00  -  Total Local Usage
	0  -  Run Bytes Sent By Job
	0  -  Run Bytes Received By Job
	0  -  Total Bytes Sent By Job
	0  -  Total Bytes Received By Job
	Partitionable Resources :    Usage  Request Allocated
	   Cpus                 :                 1         1
	   Disk (KB)            :        5        5   1505900
	   Memory (MB)          :        8        1         1
...
005 (4058461.000.000) 07/03 16:36:04 Job terminated.
	(1) Normal termination (return value 0)
		Usr 0 23:27:31, Sys 0 00:00:20  -  Run Remote Usage
		Usr 0 00:00:00, Sys 0 00:00:00  -  Run Local Usage
		Usr 0 23:27:31, Sys 0 00:00:20  -  Total Remote Usage
		Usr 0 00:00:00, Sys 0 00:00:00  -  Total Local Usage
	0  -  Run Bytes Sent By Job
	0  -  Run Bytes Received By Job
	0  -  Total Bytes Sent By Job
	0  -  Total Bytes Received By Job
	Partitionable Resources :    Usage  Request Allocated
	   Cpus                 :                 1         1
	   Disk (KB)            :        5        5   1506348
	   Memory (MB)          :        7        1         1
...
000 (4566388.000.000) 08/06 16:22:50 Job submitted from host: <10.5.0.46:9618?addrs=10.5.0.46-9618&noUDP&sock=2468_6bd3_242>
...
022 (4566388.000.000) 08/06 16:22:56 Job disconnected, attempting to reconnect
    Socket between submit and execute hosts closed unexpectedly
    Trying to reconnect to slot1_3@CRUSH-10-5-137-138 <10.5.137.138:9618?addrs=10.5.137.138-9618+[--1]-9618&noUDP&sock=3169_3fb7_3>
...
024 (4566388.000.000) 08/06 16:22:56 Job reconnection failed
    Job not found at execution machine
    Can not reconnect to slot1_3@CRUSH-10-5-137-138, rescheduling job
...
001 (4566388.000.000) 08/06 16:23:57 Job executing on host: <10.5.176.35:9618?addrs=10.5.176.35-9618+[--1]-9618&noUDP&sock=2153_5b7e_3>
...
006 (4566388.000.000) 08/06 16:24:05 Image size of job updated: 12772
	8  -  MemoryUsage of job (MB)
	7184  -  ResidentSetSize of job (KB)
...
006 (4566388.000.000) 08/06 16:29:05 Image size of job updated: 12800
	8  -  MemoryUsage of job (MB)
	7212  -  ResidentSetSize of job (KB)
...
006 (4566388.000.000) 08/06 16:39:07 Image size of job updated: 12940
	8  -  MemoryUsage of job (MB)
	7212  -  ResidentSetSize of job (KB)
...
005 (4566388.000.000) 08/07 04:54:40 Job terminated.
	(1) Normal termination (return value 0)
		Usr 0 12:27:28, Sys 0 00:00:16  -  Run Remote Usage
		Usr 0 00:00:00, Sys 0 00:00:00  -  Run Local Usage
		Usr 0 12:27:28, Sys 0 00:00:16  -  Total Remote Usage
		Usr 0 00:00:00, Sys 0 00:00:00  -  Total Local Usage
	0  -  Run Bytes Sent By Job
	0  -  Run Bytes Received By Job
	0  -  Total Bytes Sent By Job
	0  -  Total Bytes Received By Job
	Partitionable Resources :    Usage  Request Allocated
	   Cpus                 :                 1         1
	   Disk (KB)            :        5        5   1505850
	   Memory (MB)          :        8        1         1
...
000 (4567833.000.000) 08/07 16:50:24 Job submitted from host: <10.5.0.46:9618?addrs=10.5.0.46-9618&noUDP&sock=2468_6bd3_242>
...
001 (4567833.000.000) 08/07 16:51:31 Job executing on host: <10.5.176.243:9618?addrs=10.5.176.243-9618+[--1]-9618&noUDP&sock=2557_77c1_3>
...
006 (4567833.000.000) 08/07 16:51:39 Image size of job updated: 13548
	8  -  MemoryUsage of job (MB)
	7940  -  ResidentSetSize of job (KB)
...
006 (4567833.000.000) 08/07 16:56:39 Image size of job updated: 13576
	8  -  MemoryUsage of job (MB)
	7940  -  ResidentSetSize of job (KB)
...
006 (4567833.000.000) 08/07 17:01:40 Image size of job updated: 13708
	8  -  MemoryUsage of job (MB)
	7944  -  ResidentSetSize of job (KB)
...
006 (4567833.000.000) 08/07 17:16:41 Image size of job updated: 13844
	8  -  MemoryUsage of job (MB)
	8076  -  ResidentSetSize of job (KB)
...
006 (4567833.000.000) 08/07 17:21:42 Image size of job updated: 14000
	9  -  MemoryUsage of job (MB)
	8232  -  ResidentSetSize of job (KB)
...
006 (4567833.000.000) 08/07 22:27:11 Image size of job updated: 14100
	9  -  MemoryUsage of job (MB)
	8320  -  ResidentSetSize of job (KB)
...
006 (4567833.000.000) 08/08 10:27:20 Image size of job updated: 144068
	9  -  MemoryUsage of job (MB)
	8320  -  ResidentSetSize of job (KB)
...
005 (4567833.000.000) 08/08 10:27:20 Job terminated.
	(1) Normal termination (return value 0)
		Usr 0 17:31:54, Sys 0 00:00:07  -  Run Remote Usage
		Usr 0 00:00:00, Sys 0 00:00:00  -  Run Local Usage
		Usr 0 17:31:54, Sys 0 00:00:07  -  Total Remote Usage
		Usr 0 00:00:00, Sys 0 00:00:00  -  Total Local Usage
	0  -  Run Bytes Sent By Job
	0  -  Run Bytes Received By Job
	0  -  Total Bytes Sent By Job
	0  -  Total Bytes Received By Job
	Partitionable Resources :    Usage  Request Allocated
	   Cpus                 :                 1         1
	   Disk (KB)            :        5        5   1505837
	   Memory (MB)          :        9        1         1
...
000 (4569597.000.000) 08/09 15:36:58 Job submitted from host: <10.5.0.46:9618?addrs=10.5.0.46-9618&noUDP&sock=2468_6bd3_242>
...
001 (4569597.000.000) 08/09 15:37:18 Job executing on host: <10.5.141.76:9618?addrs=10.5.141.76-9618+[--1]-9618&noUDP&sock=2151_fc4d_3>
...
006 (4569597.000.000) 08/09 15:37:26 Image size of job updated: 13528
	8  -  MemoryUsage of job (MB)
	7948  -  ResidentSetSize of job (KB)
...
006 (4569597.000.000) 08/09 15:42:26 Image size of job updated: 13548
	8  -  MemoryUsage of job (MB)
	7948  -  ResidentSetSize of job (KB)
...
006 (4569597.000.000) 08/09 15:52:27 Image size of job updated: 13740
	8  -  MemoryUsage of job (MB)
	8012  -  ResidentSetSize of job (KB)
...
006 (4569597.000.000) 08/09 16:32:30 Image size of job updated: 13756
	8  -  MemoryUsage of job (MB)
	8012  -  ResidentSetSize of job (KB)
...
006 (4569597.000.000) 08/09 16:37:30 Image size of job updated: 13804
	8  -  MemoryUsage of job (MB)
	8060  -  ResidentSetSize of job (KB)
...
006 (4569597.000.000) 08/09 16:42:31 Image size of job updated: 13812
	8  -  MemoryUsage of job (MB)
	8068  -  ResidentSetSize of job (KB)
...
006 (4569597.000.000) 08/09 17:22:35 Image size of job updated: 13856
	8  -  MemoryUsage of job (MB)
	8112  -  ResidentSetSize of job (KB)
...
006 (4569597.000.000) 08/09 18:07:40 Image size of job updated: 13936
	8  -  MemoryUsage of job (MB)
	8192  -  ResidentSetSize of job (KB)
...
006 (4569597.000.000) 08/09 23:58:17 Image size of job updated: 13936
	9  -  MemoryUsage of job (MB)
	8204  -  ResidentSetSize of job (KB)
...
006 (4569597.000.000) 08/10 09:44:19 Image size of job updated: 13936
	9  -  MemoryUsage of job (MB)
	8228  -  ResidentSetSize of job (KB)
...
006 (4569597.000.000) 08/11 01:51:02 Image size of job updated: 13936
	9  -  MemoryUsage of job (MB)
	8444  -  ResidentSetSize of job (KB)
...
005 (4569597.000.000) 08/11 04:24:34 Job terminated.
	(1) Normal termination (return value 0)
		Usr 1 12:39:38, Sys 0 00:01:10  -  Run Remote Usage
		Usr 0 00:00:00, Sys 0 00:00:00  -  Run Local Usage
		Usr 1 12:39:38, Sys 0 00:01:10  -  Total Remote Usage
		Usr 0 00:00:00, Sys 0 00:00:00  -  Total Local Usage
	0  -  Run Bytes Sent By Job
	0  -  Run Bytes Received By Job
	0  -  Total Bytes Sent By Job
	0  -  Total Bytes Received By Job
	Partitionable Resources :    Usage  Request Allocated
	   Cpus                 :                 1         1
	   Disk (KB)            :        5        5   1506120
	   Memory (MB)          :        9        1         1
...
000 (4572015.000.000) 08/12 11:41:47 Job submitted from host: <10.5.0.46:9618?addrs=10.5.0.46-9618&noUDP&sock=2468_6bd3_242>
...
001 (4572015.000.000) 08/12 11:41:50 Job executing on host: <10.5.141.167:9618?addrs=10.5.141.167-9618+[--1]-9618&noUDP&sock=2149_9d1d_3>
...
006 (4572015.000.000) 08/12 11:41:58 Image size of job updated: 13608
	8  -  MemoryUsage of job (MB)
	7948  -  ResidentSetSize of job (KB)
...
006 (4572015.000.000) 08/12 11:46:58 Image size of job updated: 13628
	8  -  MemoryUsage of job (MB)
	7948  -  ResidentSetSize of job (KB)
...
006 (4572015.000.000) 08/12 11:57:00 Image size of job updated: 13764
	8  -  MemoryUsage of job (MB)
	7956  -  ResidentSetSize of job (KB)
...
006 (4572015.000.000) 08/12 12:02:00 Image size of job updated: 13776
	8  -  MemoryUsage of job (MB)
	7956  -  ResidentSetSize of job (KB)
...
006 (4572015.000.000) 08/12 13:32:11 Image size of job updated: 13776
	8  -  MemoryUsage of job (MB)
	7992  -  ResidentSetSize of job (KB)
...
006 (4572015.000.000) 08/12 14:32:18 Image size of job updated: 13776
	8  -  MemoryUsage of job (MB)
	8020  -  ResidentSetSize of job (KB)
...
006 (4572015.000.000) 08/12 21:13:00 Image size of job updated: 13776
	8  -  MemoryUsage of job (MB)
	8084  -  ResidentSetSize of job (KB)
...
006 (4572015.000.000) 08/12 21:43:03 Image size of job updated: 13776
	8  -  MemoryUsage of job (MB)
	8132  -  ResidentSetSize of job (KB)
...
005 (4572015.000.000) 08/13 02:10:26 Job terminated.
	(1) Normal termination (return value 0)
		Usr 0 14:21:49, Sys 0 00:00:19  -  Run Remote Usage
		Usr 0 00:00:00, Sys 0 00:00:00  -  Run Local Usage
		Usr 0 14:21:49, Sys 0 00:00:19  -  Total Remote Usage
		Usr 0 00:00:00, Sys 0 00:00:00  -  Total Local Usage
	0  -  Run Bytes Sent By Job
	0  -  Run Bytes Received By Job
	0  -  Total Bytes Sent By Job
	0  -  Total Bytes Received By Job
	Partitionable Resources :    Usage  Request Allocated
	   Cpus                 :                 1         1
	   Disk (KB)            :        5        5   1506001
	   Memory (MB)          :        8        1         1
...
000 (4580517.000.000) 08/14 16:58:21 Job submitted from host: <10.5.0.46:9618?addrs=10.5.0.46-9618&noUDP&sock=2468_6bd3_242>
...
001 (4580517.000.000) 08/14 16:58:23 Job executing on host: <10.5.180.213:9618?addrs=10.5.180.213-9618+[--1]-9618&noUDP&sock=1997_5ab8_3>
...
006 (4580517.000.000) 08/14 16:58:32 Image size of job updated: 12680
	8  -  MemoryUsage of job (MB)
	7944  -  ResidentSetSize of job (KB)
...
006 (4580517.000.000) 08/14 17:03:33 Image size of job updated: 12700
	8  -  MemoryUsage of job (MB)
	7944  -  ResidentSetSize of job (KB)
...
006 (4580517.000.000) 08/14 17:13:33 Image size of job updated: 12836
	8  -  MemoryUsage of job (MB)
	7952  -  ResidentSetSize of job (KB)
...
006 (4580517.000.000) 08/14 17:18:34 Image size of job updated: 12848
	8  -  MemoryUsage of job (MB)
	7952  -  ResidentSetSize of job (KB)
...
006 (4580517.000.000) 08/14 18:43:43 Image size of job updated: 12888
	8  -  MemoryUsage of job (MB)
	7988  -  ResidentSetSize of job (KB)
...
006 (4580517.000.000) 08/14 19:43:50 Image size of job updated: 12916
	8  -  MemoryUsage of job (MB)
	8016  -  ResidentSetSize of job (KB)
...
006 (4580517.000.000) 08/14 20:28:56 Image size of job updated: 12980
	8  -  MemoryUsage of job (MB)
	8080  -  ResidentSetSize of job (KB)
...
006 (4580517.000.000) 08/15 02:49:36 Image size of job updated: 13028
	8  -  MemoryUsage of job (MB)
	8128  -  ResidentSetSize of job (KB)
...
006 (4580517.000.000) 08/15 12:55:39 Image size of job updated: 13044
	8  -  MemoryUsage of job (MB)
	8144  -  ResidentSetSize of job (KB)
...
006 (4580517.000.000) 08/15 16:16:01 Image size of job updated: 13060
	8  -  MemoryUsage of job (MB)
	8160  -  ResidentSetSize of job (KB)
...
006 (4580517.000.000) 08/16 13:53:15 Image size of job updated: 13132
	9  -  MemoryUsage of job (MB)
	8232  -  ResidentSetSize of job (KB)
...
005 (4580517.000.000) 08/20 16:02:33 Job terminated.
	(1) Normal termination (return value 0)
		Usr 5 22:23:19, Sys 0 00:03:41  -  Run Remote Usage
		Usr 0 00:00:00, Sys 0 00:00:00  -  Run Local Usage
		Usr 5 22:23:19, Sys 0 00:03:41  -  Total Remote Usage
		Usr 0 00:00:00, Sys 0 00:00:00  -  Total Local Usage
	0  -  Run Bytes Sent By Job
	0  -  Run Bytes Received By Job
	0  -  Total Bytes Sent By Job
	0  -  Total Bytes Received By Job
	Partitionable Resources :    Usage  Request Allocated
	   Cpus                 :                 1         1
	   Disk (KB)            :        5        5   1506594
	   Memory (MB)          :        9        1         1
...
000 (4731952.000.000) 08/22 10:38:34 Job submitted from host: <10.5.0.46:9618?addrs=10.5.0.46-9618&noUDP&sock=2468_6bd3_242>
...
001 (4731952.000.000) 08/22 10:38:41 Job executing on host: <10.5.141.167:9618?addrs=10.5.141.167-9618+[--1]-9618&noUDP&sock=2149_9d1d_3>
...
006 (4731952.000.000) 08/22 10:38:49 Image size of job updated: 11912
	7  -  MemoryUsage of job (MB)
	6200  -  ResidentSetSize of job (KB)
...
006 (4731952.000.000) 08/22 10:43:49 Image size of job updated: 12224
	7  -  MemoryUsage of job (MB)
	6496  -  ResidentSetSize of job (KB)
...
005 (4731952.000.000) 08/22 11:42:29 Job terminated.
	(1) Normal termination (return value 0)
		Usr 0 01:03:23, Sys 0 00:00:01  -  Run Remote Usage
		Usr 0 00:00:00, Sys 0 00:00:00  -  Run Local Usage
		Usr 0 01:03:23, Sys 0 00:00:01  -  Total Remote Usage
		Usr 0 00:00:00, Sys 0 00:00:00  -  Total Local Usage
	0  -  Run Bytes Sent By Job
	0  -  Run Bytes Received By Job
	0  -  Total Bytes Sent By Job
	0  -  Total Bytes Received By Job
	Partitionable Resources :    Usage  Request Allocated
	   Cpus                 :                 1         1
	   Disk (KB)            :        5        5   1506001
	   Memory (MB)          :        7        1         1
...
000 (4731963.000.000) 08/22 12:44:03 Job submitted from host: <10.5.0.46:9618?addrs=10.5.0.46-9618&noUDP&sock=2468_6bd3_242>
...
001 (4731963.000.000) 08/22 12:44:05 Job executing on host: <10.5.174.213:9618?addrs=10.5.174.213-9618+[--1]-9618&noUDP&sock=2156_6a47_3>
...
006 (4731963.000.000) 08/22 12:44:13 Image size of job updated: 11928
	7  -  MemoryUsage of job (MB)
	6196  -  ResidentSetSize of job (KB)
...
005 (4731963.000.000) 08/22 13:47:09 Job terminated.
	(1) Normal termination (return value 0)
		Usr 0 01:02:44, Sys 0 00:00:01  -  Run Remote Usage
		Usr 0 00:00:00, Sys 0 00:00:00  -  Run Local Usage
		Usr 0 01:02:44, Sys 0 00:00:01  -  Total Remote Usage
		Usr 0 00:00:00, Sys 0 00:00:00  -  Total Local Usage
	0  -  Run Bytes Sent By Job
	0  -  Run Bytes Received By Job
	0  -  Total Bytes Sent By Job
	0  -  Total Bytes Received By Job
	Partitionable Resources :    Usage  Request Allocated
	   Cpus                 :                 1         1
	   Disk (KB)            :        5        5   1505852
	   Memory (MB)          :        7        1         1
...
000 (4731964.000.000) 08/22 15:36:33 Job submitted from host: <10.5.0.46:9618?addrs=10.5.0.46-9618&noUDP&sock=2468_6bd3_242>
...
001 (4731964.000.000) 08/22 15:36:35 Job executing on host: <10.5.174.213:9618?addrs=10.5.174.213-9618+[--1]-9618&noUDP&sock=2156_6a47_3>
...
006 (4731964.000.000) 08/22 15:36:43 Image size of job updated: 11336
	7  -  MemoryUsage of job (MB)
	6452  -  ResidentSetSize of job (KB)
...
005 (4731964.000.000) 08/23 03:34:41 Job terminated.
	(1) Normal termination (return value 0)
		Usr 0 11:54:59, Sys 0 00:00:11  -  Run Remote Usage
		Usr 0 00:00:00, Sys 0 00:00:00  -  Run Local Usage
		Usr 0 11:54:59, Sys 0 00:00:11  -  Total Remote Usage
		Usr 0 00:00:00, Sys 0 00:00:00  -  Total Local Usage
	0  -  Run Bytes Sent By Job
	0  -  Run Bytes Received By Job
	0  -  Total Bytes Sent By Job
	0  -  Total Bytes Received By Job
	Partitionable Resources :    Usage  Request Allocated
	   Cpus                 :                 1         1
	   Disk (KB)            :        5        5   1505852
	   Memory (MB)          :        7        1         1
...
000 (4761665.000.000) 08/23 15:29:11 Job submitted from host: <10.5.0.46:9618?addrs=10.5.0.46-9618&noUDP&sock=2468_6bd3_242>
...
001 (4761665.000.000) 08/23 15:29:19 Job executing on host: <10.5.222.33:9618?addrs=10.5.222.33-9618+[--1]-9618&noUDP&sock=2157_19df_3>
...
006 (4761665.000.000) 08/23 15:29:27 Image size of job updated: 13524
	8  -  MemoryUsage of job (MB)
	7940  -  ResidentSetSize of job (KB)
...
006 (4761665.000.000) 08/23 15:34:27 Image size of job updated: 13544
	8  -  MemoryUsage of job (MB)
	7940  -  ResidentSetSize of job (KB)
...
006 (4761665.000.000) 08/23 17:44:42 Image size of job updated: 13644
	8  -  MemoryUsage of job (MB)
	7940  -  ResidentSetSize of job (KB)
...
006 (4761665.000.000) 08/23 17:54:43 Image size of job updated: 13768
	8  -  MemoryUsage of job (MB)
	8032  -  ResidentSetSize of job (KB)
...
006 (4761665.000.000) 08/23 18:34:46 Image size of job updated: 13800
	8  -  MemoryUsage of job (MB)
	8052  -  ResidentSetSize of job (KB)
...
006 (4761665.000.000) 08/23 20:04:55 Image size of job updated: 13844
	8  -  MemoryUsage of job (MB)
	8096  -  ResidentSetSize of job (KB)
...
006 (4761665.000.000) 08/23 20:49:59 Image size of job updated: 13856
	8  -  MemoryUsage of job (MB)
	8108  -  ResidentSetSize of job (KB)
...
006 (4761665.000.000) 08/23 21:05:01 Image size of job updated: 13876
	8  -  MemoryUsage of job (MB)
	8128  -  ResidentSetSize of job (KB)
...
006 (4761665.000.000) 08/23 21:55:06 Image size of job updated: 13936
	8  -  MemoryUsage of job (MB)
	8188  -  ResidentSetSize of job (KB)
...
006 (4761665.000.000) 08/23 22:15:07 Image size of job updated: 13972
	9  -  MemoryUsage of job (MB)
	8224  -  ResidentSetSize of job (KB)
...
006 (4761665.000.000) 08/24 00:40:23 Image size of job updated: 13988
	9  -  MemoryUsage of job (MB)
	8240  -  ResidentSetSize of job (KB)
...
006 (4761665.000.000) 08/24 07:16:02 Image size of job updated: 13992
	9  -  MemoryUsage of job (MB)
	8244  -  ResidentSetSize of job (KB)
...
005 (4761665.000.000) 08/25 03:17:00 Job terminated.
	(1) Normal termination (return value 0)
		Usr 1 11:41:49, Sys 0 00:01:03  -  Run Remote Usage
		Usr 0 00:00:00, Sys 0 00:00:00  -  Run Local Usage
		Usr 1 11:41:49, Sys 0 00:01:03  -  Total Remote Usage
		Usr 0 00:00:00, Sys 0 00:00:00  -  Total Local Usage
	0  -  Run Bytes Sent By Job
	0  -  Run Bytes Received By Job
	0  -  Total Bytes Sent By Job
	0  -  Total Bytes Received By Job
	Partitionable Resources :    Usage  Request Allocated
	   Cpus                 :                 1         1
	   Disk (KB)            :        5        5   1506205
	   Memory (MB)          :        9        1         1
...
000 (4792023.000.000) 08/30 15:58:54 Job submitted from host: <10.5.0.46:9618?addrs=10.5.0.46-9618&noUDP&sock=2468_6bd3_242>
...
001 (4792023.000.000) 08/30 15:59:10 Job executing on host: <10.5.174.213:9618?addrs=10.5.174.213-9618+[--1]-9618&noUDP&sock=2156_6a47_3>
...
006 (4792023.000.000) 08/30 15:59:19 Image size of job updated: 11508
	7  -  MemoryUsage of job (MB)
	6632  -  ResidentSetSize of job (KB)
...
000 (4792024.000.000) 08/30 16:01:24 Job submitted from host: <10.5.0.46:9618?addrs=10.5.0.46-9618&noUDP&sock=2468_6bd3_242>
...
001 (4792024.000.000) 08/30 16:01:30 Job executing on host: <10.5.151.175:9618?addrs=10.5.151.175-9618+[--1]-9618&noUDP&sock=2158_c977_3>
...
006 (4792024.000.000) 08/30 16:01:39 Image size of job updated: 11948
	7  -  MemoryUsage of job (MB)
	6224  -  ResidentSetSize of job (KB)
...
006 (4792024.000.000) 08/30 16:11:40 Image size of job updated: 12228
	7  -  MemoryUsage of job (MB)
	6504  -  ResidentSetSize of job (KB)
...
006 (4792023.000.000) 08/30 16:29:22 Image size of job updated: 11512
	7  -  MemoryUsage of job (MB)
	6632  -  ResidentSetSize of job (KB)
...
006 (4792024.000.000) 08/30 16:31:42 Image size of job updated: 12232
	7  -  MemoryUsage of job (MB)
	6504  -  ResidentSetSize of job (KB)
...
006 (4792024.000.000) 08/30 16:51:44 Image size of job updated: 12236
	7  -  MemoryUsage of job (MB)
	6508  -  ResidentSetSize of job (KB)
...
006 (4792023.000.000) 08/30 16:54:25 Image size of job updated: 11516
	7  -  MemoryUsage of job (MB)
	6636  -  ResidentSetSize of job (KB)
...
006 (4792024.000.000) 08/30 17:31:49 Image size of job updated: 12252
	7  -  MemoryUsage of job (MB)
	6508  -  ResidentSetSize of job (KB)
...
006 (4792023.000.000) 08/30 17:34:29 Image size of job updated: 11532
	7  -  MemoryUsage of job (MB)
	6636  -  ResidentSetSize of job (KB)
...
006 (4792024.000.000) 08/30 18:19:16 Image size of job updated: 142288
	7  -  MemoryUsage of job (MB)
	6508  -  ResidentSetSize of job (KB)
...
005 (4792024.000.000) 08/30 18:19:16 Job terminated.
	(1) Normal termination (return value 0)
		Usr 0 02:16:58, Sys 0 00:00:04  -  Run Remote Usage
		Usr 0 00:00:00, Sys 0 00:00:00  -  Run Local Usage
		Usr 0 02:16:58, Sys 0 00:00:04  -  Total Remote Usage
		Usr 0 00:00:00, Sys 0 00:00:00  -  Total Local Usage
	0  -  Run Bytes Sent By Job
	0  -  Run Bytes Received By Job
	0  -  Total Bytes Sent By Job
	0  -  Total Bytes Received By Job
	Partitionable Resources :    Usage  Request Allocated
	   Cpus                 :                 1         1
	   Disk (KB)            :        5        5   1505797
	   Memory (MB)          :        7        1         1
...
005 (4792023.000.000) 08/30 18:22:37 Job terminated.
	(1) Normal termination (return value 0)
		Usr 0 02:22:37, Sys 0 00:00:08  -  Run Remote Usage
		Usr 0 00:00:00, Sys 0 00:00:00  -  Run Local Usage
		Usr 0 02:22:37, Sys 0 00:00:08  -  Total Remote Usage
		Usr 0 00:00:00, Sys 0 00:00:00  -  Total Local Usage
	0  -  Run Bytes Sent By Job
	0  -  Run Bytes Received By Job
	0  -  Total Bytes Sent By Job
	0  -  Total Bytes Received By Job
	Partitionable Resources :    Usage  Request Allocated
	   Cpus                 :                 1         1
	   Disk (KB)            :        5        5   1505852
	   Memory (MB)          :        7        1         1
...
000 (4803440.000.000) 09/03 11:44:22 Job submitted from host: <10.5.0.46:9618?addrs=10.5.0.46-9618&noUDP&sock=2468_6bd3_316>
...
001 (4803440.000.000) 09/03 11:48:29 Job executing on host: <10.5.175.255:9618?addrs=10.5.175.255-9618+[--1]-9618&noUDP&sock=2559_d6f1_3>
...
006 (4803440.000.000) 09/03 11:48:38 Image size of job updated: 11964
	7  -  MemoryUsage of job (MB)
	6216  -  ResidentSetSize of job (KB)
...
001 (4803440.000.000) 09/03 14:38:28 Job executing on host: <10.5.222.22:9618?addrs=10.5.222.22-9618+[--1]-9618&noUDP&sock=1874_fc92_3>
...
005 (4803440.000.000) 09/03 16:54:59 Job terminated.
	(1) Normal termination (return value 0)
		Usr 0 02:15:52, Sys 0 00:00:02  -  Run Remote Usage
		Usr 0 00:00:00, Sys 0 00:00:00  -  Run Local Usage
		Usr 0 02:15:52, Sys 0 00:00:02  -  Total Remote Usage
		Usr 0 00:00:00, Sys 0 00:00:00  -  Total Local Usage
	0  -  Run Bytes Sent By Job
	0  -  Run Bytes Received By Job
	0  -  Total Bytes Sent By Job
	0  -  Total Bytes Received By Job
	Partitionable Resources :    Usage  Request Allocated
	   Cpus                 :                 1         1
	   Disk (KB)            :        5        5   1507284
	   Memory (MB)          :        8        8         8
...
000 (4807439.000.000) 09/04 09:54:09 Job submitted from host: <10.5.0.46:9618?addrs=10.5.0.46-9618&noUDP&sock=3938923_71eb_3>
...
001 (4807439.000.000) 09/04 09:54:14 Job executing on host: <10.5.134.157:9618?addrs=10.5.134.157-9618+[--1]-9618&noUDP&sock=2588_0b98_3>
...
006 (4807439.000.000) 09/04 09:54:22 Image size of job updated: 11940
	7  -  MemoryUsage of job (MB)
	6188  -  ResidentSetSize of job (KB)
...
006 (4807439.000.000) 09/04 11:09:10 Image size of job updated: 142240
	7  -  MemoryUsage of job (MB)
	6188  -  ResidentSetSize of job (KB)
...
005 (4807439.000.000) 09/04 11:09:10 Job terminated.
	(1) Normal termination (return value 0)
		Usr 0 01:13:57, Sys 0 00:00:02  -  Run Remote Usage
		Usr 0 00:00:00, Sys 0 00:00:00  -  Run Local Usage
		Usr 0 01:13:57, Sys 0 00:00:02  -  Total Remote Usage
		Usr 0 00:00:00, Sys 0 00:00:00  -  Total Local Usage
	0  -  Run Bytes Sent By Job
	0  -  Run Bytes Received By Job
	0  -  Total Bytes Sent By Job
	0  -  Total Bytes Received By Job
	Partitionable Resources :    Usage  Request Allocated
	   Cpus                 :                 1         1
	   Disk (KB)            :        5        5   1506191
	   Memory (MB)          :        7        1         1
...
000 (4809900.000.000) 09/05 11:12:56 Job submitted from host: <10.5.0.46:9618?addrs=10.5.0.46-9618&noUDP&sock=3938923_71eb_3>
...
001 (4809900.000.000) 09/05 12:07:22 Job executing on host: <10.5.136.227:9618?addrs=10.5.136.227-9618+[--1]-9618&noUDP&sock=2592_c9f9_3>
...
006 (4809900.000.000) 09/05 12:07:30 Image size of job updated: 12264
	7  -  MemoryUsage of job (MB)
	6436  -  ResidentSetSize of job (KB)
...
022 (4809900.000.000) 09/05 12:28:47 Job disconnected, attempting to reconnect
    Socket between submit and execute hosts closed unexpectedly
    Trying to reconnect to slot1_1@CRUSH-10-5-136-227 <10.5.136.227:9618?addrs=10.5.136.227-9618+[--1]-9618&noUDP&sock=2592_c9f9_3>
...
024 (4809900.000.000) 09/05 13:08:47 Job reconnection failed
    Job disconnected too long: JobLeaseDuration (2400 seconds) expired
    Can not reconnect to slot1_1@CRUSH-10-5-136-227, rescheduling job
...
001 (4809900.000.000) 09/05 13:28:11 Job executing on host: <10.5.136.227:9618?addrs=10.5.136.227-9618+[--1]-9618&noUDP&sock=2594_292a_3>
...
005 (4809900.000.000) 09/05 14:42:44 Job terminated.
	(1) Normal termination (return value 0)
		Usr 0 01:13:45, Sys 0 00:00:02  -  Run Remote Usage
		Usr 0 00:00:00, Sys 0 00:00:00  -  Run Local Usage
		Usr 0 01:13:45, Sys 0 00:00:02  -  Total Remote Usage
		Usr 0 00:00:00, Sys 0 00:00:00  -  Total Local Usage
	0  -  Run Bytes Sent By Job
	0  -  Run Bytes Received By Job
	0  -  Total Bytes Sent By Job
	0  -  Total Bytes Received By Job
	Partitionable Resources :    Usage  Request Allocated
	   Cpus                 :                 1         1
	   Disk (KB)            :        5        5   1506182
	   Memory (MB)          :        8        8         8
...
000 (4810114.000.000) 09/05 17:00:00 Job submitted from host: <10.5.0.46:9618?addrs=10.5.0.46-9618&noUDP&sock=3938923_71eb_3>
...
009 (4810114.000.000) 09/05 17:01:06 Job was aborted by the user.
	via condor_rm (by user elawsonk)
...
000 (4810115.000.000) 09/05 17:03:15 Job submitted from host: <10.5.0.46:9618?addrs=10.5.0.46-9618&noUDP&sock=3938923_71eb_3>
...
001 (4810115.000.000) 09/05 17:28:31 Job executing on host: <10.5.153.141:9618?addrs=10.5.153.141-9618+[--1]-9618&noUDP&sock=2589_bb30_3>
...
006 (4810115.000.000) 09/05 17:28:39 Image size of job updated: 12020
	7  -  MemoryUsage of job (MB)
	6192  -  ResidentSetSize of job (KB)
...
006 (4810115.000.000) 09/05 17:33:39 Image size of job updated: 12340
	7  -  MemoryUsage of job (MB)
	6512  -  ResidentSetSize of job (KB)
...
005 (4810115.000.000) 09/05 18:44:44 Job terminated.
	(1) Normal termination (return value 0)
		Usr 0 01:15:21, Sys 0 00:00:01  -  Run Remote Usage
		Usr 0 00:00:00, Sys 0 00:00:00  -  Run Local Usage
		Usr 0 01:15:21, Sys 0 00:00:01  -  Total Remote Usage
		Usr 0 00:00:00, Sys 0 00:00:00  -  Total Local Usage
	0  -  Run Bytes Sent By Job
	0  -  Run Bytes Received By Job
	0  -  Total Bytes Sent By Job
	0  -  Total Bytes Received By Job
	Partitionable Resources :    Usage  Request Allocated
	   Cpus                 :                 1         1
	   Disk (KB)            :        5        5   1506186
	   Memory (MB)          :        7        1         1
...
000 (4810116.000.000) 09/06 09:54:43 Job submitted from host: <10.5.0.46:9618?addrs=10.5.0.46-9618&noUDP&sock=40187_d4fa_3>
...
001 (4810116.000.000) 09/06 10:00:27 Job executing on host: <10.5.142.252:9618?addrs=10.5.142.252-9618+[--1]-9618&noUDP&sock=2594_292a_3>
...
006 (4810116.000.000) 09/06 10:00:35 Image size of job updated: 11940
	7  -  MemoryUsage of job (MB)
	6184  -  ResidentSetSize of job (KB)
...
001 (4810116.000.000) 09/06 12:15:20 Job executing on host: <10.5.222.22:9618?addrs=10.5.222.22-9618+[--1]-9618&noUDP&sock=1874_fc92_3>
...
005 (4810116.000.000) 09/06 14:32:30 Job terminated.
	(1) Normal termination (return value 0)
		Usr 0 02:16:31, Sys 0 00:00:03  -  Run Remote Usage
		Usr 0 00:00:00, Sys 0 00:00:00  -  Run Local Usage
		Usr 0 02:16:31, Sys 0 00:00:03  -  Total Remote Usage
		Usr 0 00:00:00, Sys 0 00:00:00  -  Total Local Usage
	0  -  Run Bytes Sent By Job
	0  -  Run Bytes Received By Job
	0  -  Total Bytes Sent By Job
	0  -  Total Bytes Received By Job
	Partitionable Resources :    Usage  Request Allocated
	   Cpus                 :                 1         1
	   Disk (KB)            :        5        5   1507284
	   Memory (MB)          :        8        8         8
...
000 (4847239.000.000) 09/09 10:46:02 Job submitted from host: <10.5.0.46:9618?addrs=10.5.0.46-9618&noUDP&sock=624956_ba19_3>
...
001 (4847239.000.000) 09/09 10:46:18 Job executing on host: <10.5.222.134:9618?addrs=10.5.222.134-9618+[--1]-9618&noUDP&sock=3065_e9dd_3>
...
006 (4847239.000.000) 09/09 10:46:27 Image size of job updated: 12712
	7  -  MemoryUsage of job (MB)
	6956  -  ResidentSetSize of job (KB)
...
006 (4847239.000.000) 09/09 11:46:35 Image size of job updated: 12716
	7  -  MemoryUsage of job (MB)
	6956  -  ResidentSetSize of job (KB)
...
005 (4847239.000.000) 09/09 12:01:12 Job terminated.
	(1) Normal termination (return value 0)
		Usr 0 01:14:34, Sys 0 00:00:02  -  Run Remote Usage
		Usr 0 00:00:00, Sys 0 00:00:00  -  Run Local Usage
		Usr 0 01:14:34, Sys 0 00:00:02  -  Total Remote Usage
		Usr 0 00:00:00, Sys 0 00:00:00  -  Total Local Usage
	0  -  Run Bytes Sent By Job
	0  -  Run Bytes Received By Job
	0  -  Total Bytes Sent By Job
	0  -  Total Bytes Received By Job
	Partitionable Resources :    Usage  Request Allocated
	   Cpus                 :                 1         1
	   Disk (KB)            :        5        5   1506181
	   Memory (MB)          :        7        1         1
...
000 (4847740.000.000) 09/09 13:13:27 Job submitted from host: <10.5.0.46:9618?addrs=10.5.0.46-9618&noUDP&sock=624956_ba19_3>
...
001 (4847740.000.000) 09/09 13:15:37 Job executing on host: <10.5.151.59:9618?addrs=10.5.151.59-9618+[--1]-9618&noUDP&sock=2559_d6f1_3>
...
006 (4847740.000.000) 09/09 13:15:46 Image size of job updated: 11992
	7  -  MemoryUsage of job (MB)
	6240  -  ResidentSetSize of job (KB)
...
006 (4847740.000.000) 09/09 14:20:53 Image size of job updated: 11996
	7  -  MemoryUsage of job (MB)
	6240  -  ResidentSetSize of job (KB)
...
006 (4847740.000.000) 09/09 14:39:43 Image size of job updated: 142324
	7  -  MemoryUsage of job (MB)
	6240  -  ResidentSetSize of job (KB)
...
005 (4847740.000.000) 09/09 14:39:43 Job terminated.
	(1) Normal termination (return value 0)
		Usr 0 01:23:08, Sys 0 00:00:04  -  Run Remote Usage
		Usr 0 00:00:00, Sys 0 00:00:00  -  Run Local Usage
		Usr 0 01:23:08, Sys 0 00:00:04  -  Total Remote Usage
		Usr 0 00:00:00, Sys 0 00:00:00  -  Total Local Usage
	0  -  Run Bytes Sent By Job
	0  -  Run Bytes Received By Job
	0  -  Total Bytes Sent By Job
	0  -  Total Bytes Received By Job
	Partitionable Resources :    Usage  Request Allocated
	   Cpus                 :                 1         1
	   Disk (KB)            :        5        5   1505839
	   Memory (MB)          :        7        1         1
...
000 (4847741.000.000) 09/10 09:47:23 Job submitted from host: <10.5.0.46:9618?addrs=10.5.0.46-9618&noUDP&sock=624956_ba19_3>
...
001 (4847741.000.000) 09/10 09:47:42 Job executing on host: <10.5.153.255:9618?addrs=10.5.153.255-9618+[--1]-9618&noUDP&sock=2587_5c00_3>
...
006 (4847741.000.000) 09/10 09:47:51 Image size of job updated: 12092
	7  -  MemoryUsage of job (MB)
	6264  -  ResidentSetSize of job (KB)
...
006 (4847741.000.000) 09/10 11:03:53 Image size of job updated: 142324
	7  -  MemoryUsage of job (MB)
	6264  -  ResidentSetSize of job (KB)
...
005 (4847741.000.000) 09/10 11:03:53 Job terminated.
	(1) Normal termination (return value 0)
		Usr 0 01:15:22, Sys 0 00:00:02  -  Run Remote Usage
		Usr 0 00:00:00, Sys 0 00:00:00  -  Run Local Usage
		Usr 0 01:15:22, Sys 0 00:00:02  -  Total Remote Usage
		Usr 0 00:00:00, Sys 0 00:00:00  -  Total Local Usage
	0  -  Run Bytes Sent By Job
	0  -  Run Bytes Received By Job
	0  -  Total Bytes Sent By Job
	0  -  Total Bytes Received By Job
	Partitionable Resources :    Usage  Request Allocated
	   Cpus                 :                 1         1
	   Disk (KB)            :        5        5   1506184
	   Memory (MB)          :        7        1         1
...
000 (4848153.000.000) 09/10 16:01:38 Job submitted from host: <10.5.0.46:9618?addrs=10.5.0.46-9618&noUDP&sock=624956_ba19_3>
...
001 (4848153.000.000) 09/10 16:01:50 Job executing on host: <10.5.175.253:9618?addrs=10.5.175.253-9618+[--1]-9618&noUDP&sock=2591_1a61_3>
...
006 (4848153.000.000) 09/10 16:01:59 Image size of job updated: 12772
	7  -  MemoryUsage of job (MB)
	7016  -  ResidentSetSize of job (KB)
...
004 (4848153.000.000) 09/10 16:11:01 Job was evicted.
	(0) Job was not checkpointed.
		Usr 0 00:08:59, Sys 0 00:00:00  -  Run Remote Usage
		Usr 0 00:00:00, Sys 0 00:00:00  -  Run Local Usage
	0  -  Run Bytes Sent By Job
	0  -  Run Bytes Received By Job
	Partitionable Resources :    Usage  Request Allocated
	   Cpus                 :                 1         1
	   Disk (KB)            :        5        5   1506237
	   Memory (MB)          :        7        1         1
...
009 (4848153.000.000) 09/10 16:11:01 Job was aborted by the user.
	via condor_rm (by user elawsonk)
...
000 (4848164.000.000) 09/10 16:12:55 Job submitted from host: <10.5.0.46:9618?addrs=10.5.0.46-9618&noUDP&sock=624956_ba19_3>
...
001 (4848164.000.000) 09/10 16:39:57 Job executing on host: <10.5.222.22:9618?addrs=10.5.222.22-9618+[--1]-9618&noUDP&sock=1874_fc92_3>
...
006 (4848164.000.000) 09/10 16:40:05 Image size of job updated: 12492
	7  -  MemoryUsage of job (MB)
	6760  -  ResidentSetSize of job (KB)
...
005 (4848164.000.000) 09/10 22:54:07 Job terminated.
	(1) Normal termination (return value 0)
		Usr 0 02:13:32, Sys 0 00:00:02  -  Run Remote Usage
		Usr 0 00:00:00, Sys 0 00:00:00  -  Run Local Usage
		Usr 0 02:13:32, Sys 0 00:00:02  -  Total Remote Usage
		Usr 0 00:00:00, Sys 0 00:00:00  -  Total Local Usage
	0  -  Run Bytes Sent By Job
	0  -  Run Bytes Received By Job
	0  -  Total Bytes Sent By Job
	0  -  Total Bytes Received By Job
	Partitionable Resources :    Usage  Request Allocated
	   Cpus                 :                 1         1
	   Disk (KB)            :        5        5   1507284
	   Memory (MB)          :        7        1         1
...
000 (4847746.000.000) 09/11 13:19:33 Job submitted from host: <10.5.0.46:9618?addrs=10.5.0.46-9618&noUDP&sock=2562_3622_3>
...
001 (4847746.000.000) 09/11 13:35:09 Job executing on host: <10.5.151.59:9618?addrs=10.5.151.59-9618+[--1]-9618&noUDP&sock=2559_d6f1_3>
...
006 (4847746.000.000) 09/11 13:35:17 Image size of job updated: 11980
	7  -  MemoryUsage of job (MB)
	6236  -  ResidentSetSize of job (KB)
...
006 (4847746.000.000) 09/11 13:40:17 Image size of job updated: 12216
	7  -  MemoryUsage of job (MB)
	6460  -  ResidentSetSize of job (KB)
...
006 (4847746.000.000) 09/11 14:20:22 Image size of job updated: 12240
	7  -  MemoryUsage of job (MB)
	6460  -  ResidentSetSize of job (KB)
...
005 (4847746.000.000) 09/11 14:50:29 Job terminated.
	(1) Normal termination (return value 0)
		Usr 0 01:14:36, Sys 0 00:00:01  -  Run Remote Usage
		Usr 0 00:00:00, Sys 0 00:00:00  -  Run Local Usage
		Usr 0 01:14:36, Sys 0 00:00:01  -  Total Remote Usage
		Usr 0 00:00:00, Sys 0 00:00:00  -  Total Local Usage
	0  -  Run Bytes Sent By Job
	0  -  Run Bytes Received By Job
	0  -  Total Bytes Sent By Job
	0  -  Total Bytes Received By Job
	Partitionable Resources :    Usage  Request Allocated
	   Cpus                 :                 1         1
	   Disk (KB)            :        5        5   1505839
	   Memory (MB)          :        7        1         1
...
000 (4849052.000.000) 09/12 10:53:58 Job submitted from host: <10.5.0.46:9618?addrs=10.5.0.46-9618&noUDP&sock=2562_3622_3>
...
001 (4849052.000.000) 09/12 10:54:01 Job executing on host: <10.5.216.168:9618?addrs=10.5.216.168-9618+[--1]-9618&noUDP&sock=2164_e709_3>
...
006 (4849052.000.000) 09/12 10:54:11 Image size of job updated: 11964
	7  -  MemoryUsage of job (MB)
	6244  -  ResidentSetSize of job (KB)
...
006 (4849052.000.000) 09/12 10:59:11 Image size of job updated: 11984
	7  -  MemoryUsage of job (MB)
	6252  -  ResidentSetSize of job (KB)
...
004 (4849052.000.000) 09/12 11:00:50 Job was evicted.
	(0) Job was not checkpointed.
		Usr 0 00:06:43, Sys 0 00:00:00  -  Run Remote Usage
		Usr 0 00:00:00, Sys 0 00:00:00  -  Run Local Usage
	0  -  Run Bytes Sent By Job
	0  -  Run Bytes Received By Job
	Partitionable Resources :    Usage  Request Allocated
	   Cpus                 :                 1         1
	   Disk (KB)            :        5        5   1505742
	   Memory (MB)          :        7        1         1
...
009 (4849052.000.000) 09/12 11:00:50 Job was aborted by the user.
	via condor_rm (by user elawsonk)
...
000 (4850053.000.000) 09/12 11:01:53 Job submitted from host: <10.5.0.46:9618?addrs=10.5.0.46-9618&noUDP&sock=2562_3622_3>
...
001 (4850053.000.000) 09/12 11:01:53 Job executing on host: <10.5.216.168:9618?addrs=10.5.216.168-9618+[--1]-9618&noUDP&sock=2164_e709_3>
...
006 (4850053.000.000) 09/12 11:02:02 Image size of job updated: 12044
	7  -  MemoryUsage of job (MB)
	7164  -  ResidentSetSize of job (KB)
...
000 (4851164.000.000) 09/12 11:25:27 Job submitted from host: <10.5.0.46:9618?addrs=10.5.0.46-9618&noUDP&sock=2562_3622_3>
...
001 (4851164.000.000) 09/12 11:25:28 Job executing on host: <10.5.216.12:9618?addrs=10.5.216.12-9618+[--1]-9618&noUDP&sock=2165_96a1_3>
...
006 (4851164.000.000) 09/12 11:25:37 Image size of job updated: 12216
	7  -  MemoryUsage of job (MB)
	6488  -  ResidentSetSize of job (KB)
...
000 (4851165.000.000) 09/12 11:31:17 Job submitted from host: <10.5.0.46:9618?addrs=10.5.0.46-9618&noUDP&sock=2562_3622_3>
...
001 (4851165.000.000) 09/12 11:31:18 Job executing on host: <10.5.215.29:9618?addrs=10.5.215.29-9618+[--1]-9618&noUDP&sock=2160_28a8_3>
...
006 (4851165.000.000) 09/12 11:31:27 Image size of job updated: 11980
	7  -  MemoryUsage of job (MB)
	6248  -  ResidentSetSize of job (KB)
...
000 (4851166.000.000) 09/12 11:32:35 Job submitted from host: <10.5.0.46:9618?addrs=10.5.0.46-9618&noUDP&sock=2562_3622_3>
...
001 (4851166.000.000) 09/12 11:32:39 Job executing on host: <10.5.216.168:9618?addrs=10.5.216.168-9618+[--1]-9618&noUDP&sock=2164_e709_3>
...
006 (4851166.000.000) 09/12 11:32:47 Image size of job updated: 10664
	7  -  MemoryUsage of job (MB)
	6244  -  ResidentSetSize of job (KB)
...
000 (4851167.000.000) 09/12 12:01:16 Job submitted from host: <10.5.0.46:9618?addrs=10.5.0.46-9618&noUDP&sock=2562_3622_3>
...
001 (4851167.000.000) 09/12 12:01:17 Job executing on host: <10.5.216.168:9618?addrs=10.5.216.168-9618+[--1]-9618&noUDP&sock=2164_e709_3>
...
006 (4851167.000.000) 09/12 12:01:26 Image size of job updated: 10660
	7  -  MemoryUsage of job (MB)
	6240  -  ResidentSetSize of job (KB)
...
006 (4850053.000.000) 09/12 12:32:11 Image size of job updated: 12048
	7  -  MemoryUsage of job (MB)
	7164  -  ResidentSetSize of job (KB)
...
006 (4851164.000.000) 09/12 12:55:47 Image size of job updated: 12220
	7  -  MemoryUsage of job (MB)
	6488  -  ResidentSetSize of job (KB)
...
006 (4851166.000.000) 09/12 13:02:56 Image size of job updated: 10668
	7  -  MemoryUsage of job (MB)
	6244  -  ResidentSetSize of job (KB)
...
005 (4850053.000.000) 09/12 13:20:13 Job terminated.
	(1) Normal termination (return value 0)
		Usr 0 02:17:41, Sys 0 00:00:02  -  Run Remote Usage
		Usr 0 00:00:00, Sys 0 00:00:00  -  Run Local Usage
		Usr 0 02:17:41, Sys 0 00:00:02  -  Total Remote Usage
		Usr 0 00:00:00, Sys 0 00:00:00  -  Total Local Usage
	0  -  Run Bytes Sent By Job
	0  -  Run Bytes Received By Job
	0  -  Total Bytes Sent By Job
	0  -  Total Bytes Received By Job
	Partitionable Resources :    Usage  Request Allocated
	   Cpus                 :                 1         1
	   Disk (KB)            :        5        5   1505742
	   Memory (MB)          :        7        1         1
...
006 (4851167.000.000) 09/12 13:36:36 Image size of job updated: 10664
	7  -  MemoryUsage of job (MB)
	6240  -  ResidentSetSize of job (KB)
...
005 (4851164.000.000) 09/12 13:46:21 Job terminated.
	(1) Normal termination (return value 0)
		Usr 0 02:20:02, Sys 0 00:00:12  -  Run Remote Usage
		Usr 0 00:00:00, Sys 0 00:00:00  -  Run Local Usage
		Usr 0 02:20:02, Sys 0 00:00:12  -  Total Remote Usage
		Usr 0 00:00:00, Sys 0 00:00:00  -  Total Local Usage
	0  -  Run Bytes Sent By Job
	0  -  Run Bytes Received By Job
	0  -  Total Bytes Sent By Job
	0  -  Total Bytes Received By Job
	Partitionable Resources :    Usage  Request Allocated
	   Cpus                 :                 1         1
	   Disk (KB)            :        5        5   1505709
	   Memory (MB)          :        7        1         1
...
005 (4851165.000.000) 09/12 13:50:51 Job terminated.
	(1) Normal termination (return value 0)
		Usr 0 02:18:52, Sys 0 00:00:02  -  Run Remote Usage
		Usr 0 00:00:00, Sys 0 00:00:00  -  Run Local Usage
		Usr 0 02:18:52, Sys 0 00:00:02  -  Total Remote Usage
		Usr 0 00:00:00, Sys 0 00:00:00  -  Total Local Usage
	0  -  Run Bytes Sent By Job
	0  -  Run Bytes Received By Job
	0  -  Total Bytes Sent By Job
	0  -  Total Bytes Received By Job
	Partitionable Resources :    Usage  Request Allocated
	   Cpus                 :                 1         1
	   Disk (KB)            :        5        5   1505725
	   Memory (MB)          :        7        1         1
...
005 (4851166.000.000) 09/12 13:51:19 Job terminated.
	(1) Normal termination (return value 0)
		Usr 0 02:17:53, Sys 0 00:00:02  -  Run Remote Usage
		Usr 0 00:00:00, Sys 0 00:00:00  -  Run Local Usage
		Usr 0 02:17:53, Sys 0 00:00:02  -  Total Remote Usage
		Usr 0 00:00:00, Sys 0 00:00:00  -  Total Local Usage
	0  -  Run Bytes Sent By Job
	0  -  Run Bytes Received By Job
	0  -  Total Bytes Sent By Job
	0  -  Total Bytes Received By Job
	Partitionable Resources :    Usage  Request Allocated
	   Cpus                 :                 1         1
	   Disk (KB)            :        5        5   1505742
	   Memory (MB)          :        7        1         1
...
005 (4851167.000.000) 09/12 14:22:51 Job terminated.
	(1) Normal termination (return value 0)
		Usr 0 02:20:47, Sys 0 00:00:03  -  Run Remote Usage
		Usr 0 00:00:00, Sys 0 00:00:00  -  Run Local Usage
		Usr 0 02:20:47, Sys 0 00:00:03  -  Total Remote Usage
		Usr 0 00:00:00, Sys 0 00:00:00  -  Total Local Usage
	0  -  Run Bytes Sent By Job
	0  -  Run Bytes Received By Job
	0  -  Total Bytes Sent By Job
	0  -  Total Bytes Received By Job
	Partitionable Resources :    Usage  Request Allocated
	   Cpus                 :                 1         1
	   Disk (KB)            :        5        5   1505742
	   Memory (MB)          :        7        1         1
...
000 (4853168.000.000) 09/12 14:26:18 Job submitted from host: <10.5.0.46:9618?addrs=10.5.0.46-9618&noUDP&sock=2562_3622_3>
...
001 (4853168.000.000) 09/12 14:26:25 Job executing on host: <10.5.215.29:9618?addrs=10.5.215.29-9618+[--1]-9618&noUDP&sock=2160_28a8_3>
...
006 (4853168.000.000) 09/12 14:26:34 Image size of job updated: 12120
	8  -  MemoryUsage of job (MB)
	7236  -  ResidentSetSize of job (KB)
...
000 (4853969.000.000) 09/12 16:08:13 Job submitted from host: <10.5.0.46:9618?addrs=10.5.0.46-9618&noUDP&sock=2562_3622_3>
...
001 (4853969.000.000) 09/12 16:08:34 Job executing on host: <10.5.216.12:9618?addrs=10.5.216.12-9618+[--1]-9618&noUDP&sock=2165_96a1_3>
...
006 (4853969.000.000) 09/12 16:08:42 Image size of job updated: 11128
	7  -  MemoryUsage of job (MB)
	6244  -  ResidentSetSize of job (KB)
...
006 (4853969.000.000) 09/12 16:13:42 Image size of job updated: 11244
	7  -  MemoryUsage of job (MB)
	6360  -  ResidentSetSize of job (KB)
...
000 (4853970.000.000) 09/12 16:18:30 Job submitted from host: <10.5.0.46:9618?addrs=10.5.0.46-9618&noUDP&sock=2562_3622_3>
...
001 (4853970.000.000) 09/12 16:18:31 Job executing on host: <10.5.216.168:9618?addrs=10.5.216.168-9618+[--1]-9618&noUDP&sock=2164_e709_3>
...
006 (4853970.000.000) 09/12 16:18:40 Image size of job updated: 11128
	7  -  MemoryUsage of job (MB)
	6244  -  ResidentSetSize of job (KB)
...
000 (4853971.000.000) 09/12 16:20:03 Job submitted from host: <10.5.0.46:9618?addrs=10.5.0.46-9618&noUDP&sock=2562_3622_3>
...
001 (4853971.000.000) 09/12 16:20:03 Job executing on host: <10.5.145.42:9618?addrs=10.5.145.42-9618+[--1]-9618&noUDP&sock=2142_cff3_3>
...
006 (4853971.000.000) 09/12 16:20:12 Image size of job updated: 11932
	7  -  MemoryUsage of job (MB)
	6204  -  ResidentSetSize of job (KB)
...
006 (4853970.000.000) 09/12 16:23:41 Image size of job updated: 11372
	7  -  MemoryUsage of job (MB)
	6488  -  ResidentSetSize of job (KB)
...
005 (4853168.000.000) 09/12 16:44:18 Job terminated.
	(1) Normal termination (return value 0)
		Usr 0 02:17:14, Sys 0 00:00:02  -  Run Remote Usage
		Usr 0 00:00:00, Sys 0 00:00:00  -  Run Local Usage
		Usr 0 02:17:14, Sys 0 00:00:02  -  Total Remote Usage
		Usr 0 00:00:00, Sys 0 00:00:00  -  Total Local Usage
	0  -  Run Bytes Sent By Job
	0  -  Run Bytes Received By Job
	0  -  Total Bytes Sent By Job
	0  -  Total Bytes Received By Job
	Partitionable Resources :    Usage  Request Allocated
	   Cpus                 :                 1         1
	   Disk (KB)            :        5        5   1505725
	   Memory (MB)          :        8        1         1
...
005 (4853969.000.000) 09/12 18:29:08 Job terminated.
	(1) Normal termination (return value 0)
		Usr 0 02:19:55, Sys 0 00:00:02  -  Run Remote Usage
		Usr 0 00:00:00, Sys 0 00:00:00  -  Run Local Usage
		Usr 0 02:19:55, Sys 0 00:00:02  -  Total Remote Usage
		Usr 0 00:00:00, Sys 0 00:00:00  -  Total Local Usage
	0  -  Run Bytes Sent By Job
	0  -  Run Bytes Received By Job
	0  -  Total Bytes Sent By Job
	0  -  Total Bytes Received By Job
	Partitionable Resources :    Usage  Request Allocated
	   Cpus                 :                 1         1
	   Disk (KB)            :        5        5   1505709
	   Memory (MB)          :        7        1         1
...
005 (4853971.000.000) 09/12 18:40:31 Job terminated.
	(1) Normal termination (return value 0)
		Usr 0 02:19:45, Sys 0 00:00:02  -  Run Remote Usage
		Usr 0 00:00:00, Sys 0 00:00:00  -  Run Local Usage
		Usr 0 02:19:45, Sys 0 00:00:02  -  Total Remote Usage
		Usr 0 00:00:00, Sys 0 00:00:00  -  Total Local Usage
	0  -  Run Bytes Sent By Job
	0  -  Run Bytes Received By Job
	0  -  Total Bytes Sent By Job
	0  -  Total Bytes Received By Job
	Partitionable Resources :    Usage  Request Allocated
	   Cpus                 :                 1         1
	   Disk (KB)            :        5        5   1505699
	   Memory (MB)          :        7        1         1
...
005 (4853970.000.000) 09/12 18:42:41 Job terminated.
	(1) Normal termination (return value 0)
		Usr 0 02:23:32, Sys 0 00:00:02  -  Run Remote Usage
		Usr 0 00:00:00, Sys 0 00:00:00  -  Run Local Usage
		Usr 0 02:23:32, Sys 0 00:00:02  -  Total Remote Usage
		Usr 0 00:00:00, Sys 0 00:00:00  -  Total Local Usage
	0  -  Run Bytes Sent By Job
	0  -  Run Bytes Received By Job
	0  -  Total Bytes Sent By Job
	0  -  Total Bytes Received By Job
	Partitionable Resources :    Usage  Request Allocated
	   Cpus                 :                 1         1
	   Disk (KB)            :        5        5   1505742
	   Memory (MB)          :        7        1         1
...
000 (4854586.000.000) 09/13 09:43:43 Job submitted from host: <10.5.0.46:9618?addrs=10.5.0.46-9618&noUDP&sock=2562_3622_3>
...
001 (4854586.000.000) 09/13 09:44:02 Job executing on host: <10.5.215.29:9618?addrs=10.5.215.29-9618+[--1]-9618&noUDP&sock=2160_28a8_3>
...
006 (4854586.000.000) 09/13 09:44:10 Image size of job updated: 11080
	7  -  MemoryUsage of job (MB)
	6196  -  ResidentSetSize of job (KB)
...
000 (4854587.000.000) 09/13 10:16:36 Job submitted from host: <10.5.0.46:9618?addrs=10.5.0.46-9618&noUDP&sock=2562_3622_3>
...
001 (4854587.000.000) 09/13 10:16:37 Job executing on host: <10.5.216.12:9618?addrs=10.5.216.12-9618+[--1]-9618&noUDP&sock=2165_96a1_3>
...
006 (4854587.000.000) 09/13 10:16:45 Image size of job updated: 11876
	7  -  MemoryUsage of job (MB)
	6992  -  ResidentSetSize of job (KB)
...
000 (4854588.000.000) 09/13 10:27:47 Job submitted from host: <10.5.0.46:9618?addrs=10.5.0.46-9618&noUDP&sock=2562_3622_3>
...
001 (4854588.000.000) 09/13 10:27:57 Job executing on host: <10.5.215.146:9618?addrs=10.5.215.146-9618+[--1]-9618&noUDP&sock=1977_a2d3_3>
...
006 (4854588.000.000) 09/13 10:28:06 Image size of job updated: 12012
	7  -  MemoryUsage of job (MB)
	6280  -  ResidentSetSize of job (KB)
...
000 (4854589.000.000) 09/13 10:46:40 Job submitted from host: <10.5.0.46:9618?addrs=10.5.0.46-9618&noUDP&sock=2562_3622_3>
...
001 (4854589.000.000) 09/13 10:46:41 Job executing on host: <10.5.216.252:9618?addrs=10.5.216.252-9618+[--1]-9618&noUDP&sock=2160_28a8_3>
...
006 (4854589.000.000) 09/13 10:46:49 Image size of job updated: 12084
	8  -  MemoryUsage of job (MB)
	7200  -  ResidentSetSize of job (KB)
...
005 (4854586.000.000) 09/13 12:05:29 Job terminated.
	(1) Normal termination (return value 0)
		Usr 0 02:20:48, Sys 0 00:00:02  -  Run Remote Usage
		Usr 0 00:00:00, Sys 0 00:00:00  -  Run Local Usage
		Usr 0 02:20:48, Sys 0 00:00:02  -  Total Remote Usage
		Usr 0 00:00:00, Sys 0 00:00:00  -  Total Local Usage
	0  -  Run Bytes Sent By Job
	0  -  Run Bytes Received By Job
	0  -  Total Bytes Sent By Job
	0  -  Total Bytes Received By Job
	Partitionable Resources :    Usage  Request Allocated
	   Cpus                 :                 1         1
	   Disk (KB)            :        5        5   1505725
	   Memory (MB)          :        7        1         1
...
000 (4854590.000.000) 09/13 12:21:35 Job submitted from host: <10.5.0.46:9618?addrs=10.5.0.46-9618&noUDP&sock=2562_3622_3>
...
001 (4854590.000.000) 09/13 12:21:36 Job executing on host: <10.5.215.29:9618?addrs=10.5.215.29-9618+[--1]-9618&noUDP&sock=2160_28a8_3>
...
006 (4854590.000.000) 09/13 12:21:44 Image size of job updated: 11084
	7  -  MemoryUsage of job (MB)
	6200  -  ResidentSetSize of job (KB)
...
006 (4854590.000.000) 09/13 12:31:45 Image size of job updated: 11120
	7  -  MemoryUsage of job (MB)
	6236  -  ResidentSetSize of job (KB)
...
005 (4854587.000.000) 09/13 12:34:35 Job terminated.
	(1) Normal termination (return value 0)
		Usr 0 02:17:20, Sys 0 00:00:02  -  Run Remote Usage
		Usr 0 00:00:00, Sys 0 00:00:00  -  Run Local Usage
		Usr 0 02:17:20, Sys 0 00:00:02  -  Total Remote Usage
		Usr 0 00:00:00, Sys 0 00:00:00  -  Total Local Usage
	0  -  Run Bytes Sent By Job
	0  -  Run Bytes Received By Job
	0  -  Total Bytes Sent By Job
	0  -  Total Bytes Received By Job
	Partitionable Resources :    Usage  Request Allocated
	   Cpus                 :                 1         1
	   Disk (KB)            :        5        5   1505709
	   Memory (MB)          :        7        1         1
...
000 (4854591.000.000) 09/13 12:35:07 Job submitted from host: <10.5.0.46:9618?addrs=10.5.0.46-9618&noUDP&sock=2562_3622_3>
...
001 (4854591.000.000) 09/13 12:35:08 Job executing on host: <10.5.216.12:9618?addrs=10.5.216.12-9618+[--1]-9618&noUDP&sock=2165_96a1_3>
...
006 (4854591.000.000) 09/13 12:35:17 Image size of job updated: 11472
	7  -  MemoryUsage of job (MB)
	6588  -  ResidentSetSize of job (KB)
...
005 (4854588.000.000) 09/13 12:46:01 Job terminated.
	(1) Normal termination (return value 0)
		Usr 0 02:17:25, Sys 0 00:00:02  -  Run Remote Usage
		Usr 0 00:00:00, Sys 0 00:00:00  -  Run Local Usage
		Usr 0 02:17:25, Sys 0 00:00:02  -  Total Remote Usage
		Usr 0 00:00:00, Sys 0 00:00:00  -  Total Local Usage
	0  -  Run Bytes Sent By Job
	0  -  Run Bytes Received By Job
	0  -  Total Bytes Sent By Job
	0  -  Total Bytes Received By Job
	Partitionable Resources :    Usage  Request Allocated
	   Cpus                 :                 1         1
	   Disk (KB)            :        5        5   1505707
	   Memory (MB)          :        7        1         1
...
005 (4854589.000.000) 09/13 13:07:26 Job terminated.
	(1) Normal termination (return value 0)
		Usr 0 02:20:06, Sys 0 00:00:02  -  Run Remote Usage
		Usr 0 00:00:00, Sys 0 00:00:00  -  Run Local Usage
		Usr 0 02:20:06, Sys 0 00:00:02  -  Total Remote Usage
		Usr 0 00:00:00, Sys 0 00:00:00  -  Total Local Usage
	0  -  Run Bytes Sent By Job
	0  -  Run Bytes Received By Job
	0  -  Total Bytes Sent By Job
	0  -  Total Bytes Received By Job
	Partitionable Resources :    Usage  Request Allocated
	   Cpus                 :                 1         1
	   Disk (KB)            :        5        5   1505727
	   Memory (MB)          :        8        1         1
...
000 (4854592.000.000) 09/13 13:13:47 Job submitted from host: <10.5.0.46:9618?addrs=10.5.0.46-9618&noUDP&sock=2562_3622_3>
...
001 (4854592.000.000) 09/13 13:13:48 Job executing on host: <10.5.215.146:9618?addrs=10.5.215.146-9618+[--1]-9618&noUDP&sock=1977_a2d3_3>
...
006 (4854592.000.000) 09/13 13:13:57 Image size of job updated: 11128
	7  -  MemoryUsage of job (MB)
	6248  -  ResidentSetSize of job (KB)
...
000 (4855193.000.000) 09/13 13:20:29 Job submitted from host: <10.5.0.46:9618?addrs=10.5.0.46-9618&noUDP&sock=2562_3622_3>
...
001 (4855193.000.000) 09/13 13:20:59 Job executing on host: <10.5.218.103:9618?addrs=10.5.218.103-9618+[--1]-9618&noUDP&sock=2156_6a47_3>
...
006 (4855193.000.000) 09/13 13:21:08 Image size of job updated: 11124
	7  -  MemoryUsage of job (MB)
	6240  -  ResidentSetSize of job (KB)
...
006 (4854592.000.000) 09/13 13:23:59 Image size of job updated: 11404
	7  -  MemoryUsage of job (MB)
	6524  -  ResidentSetSize of job (KB)
...
005 (4854590.000.000) 09/13 14:43:07 Job terminated.
	(1) Normal termination (return value 0)
		Usr 0 02:20:39, Sys 0 00:00:02  -  Run Remote Usage
		Usr 0 00:00:00, Sys 0 00:00:00  -  Run Local Usage
		Usr 0 02:20:39, Sys 0 00:00:02  -  Total Remote Usage
		Usr 0 00:00:00, Sys 0 00:00:00  -  Total Local Usage
	0  -  Run Bytes Sent By Job
	0  -  Run Bytes Received By Job
	0  -  Total Bytes Sent By Job
	0  -  Total Bytes Received By Job
	Partitionable Resources :    Usage  Request Allocated
	   Cpus                 :                 1         1
	   Disk (KB)            :        5        5   1505725
	   Memory (MB)          :        7        1         1
...
005 (4854591.000.000) 09/13 14:57:09 Job terminated.
	(1) Normal termination (return value 0)
		Usr 0 02:21:12, Sys 0 00:00:12  -  Run Remote Usage
		Usr 0 00:00:00, Sys 0 00:00:00  -  Run Local Usage
		Usr 0 02:21:12, Sys 0 00:00:12  -  Total Remote Usage
		Usr 0 00:00:00, Sys 0 00:00:00  -  Total Local Usage
	0  -  Run Bytes Sent By Job
	0  -  Run Bytes Received By Job
	0  -  Total Bytes Sent By Job
	0  -  Total Bytes Received By Job
	Partitionable Resources :    Usage  Request Allocated
	   Cpus                 :                 1         1
	   Disk (KB)            :        5        5   1505709
	   Memory (MB)          :        7        1         1
...
006 (4854592.000.000) 09/13 15:33:38 Image size of job updated: 142336
	7  -  MemoryUsage of job (MB)
	6524  -  ResidentSetSize of job (KB)
...
005 (4854592.000.000) 09/13 15:33:39 Job terminated.
	(1) Normal termination (return value 0)
		Usr 0 02:19:06, Sys 0 00:00:09  -  Run Remote Usage
		Usr 0 00:00:00, Sys 0 00:00:00  -  Run Local Usage
		Usr 0 02:19:06, Sys 0 00:00:09  -  Total Remote Usage
		Usr 0 00:00:00, Sys 0 00:00:00  -  Total Local Usage
	0  -  Run Bytes Sent By Job
	0  -  Run Bytes Received By Job
	0  -  Total Bytes Sent By Job
	0  -  Total Bytes Received By Job
	Partitionable Resources :    Usage  Request Allocated
	   Cpus                 :                 1         1
	   Disk (KB)            :        5        5   1505707
	   Memory (MB)          :        7        1         1
...
006 (4855193.000.000) 09/13 15:39:57 Image size of job updated: 142336
	7  -  MemoryUsage of job (MB)
	6240  -  ResidentSetSize of job (KB)
...
005 (4855193.000.000) 09/13 15:39:57 Job terminated.
	(1) Normal termination (return value 0)
		Usr 0 02:18:17, Sys 0 00:00:05  -  Run Remote Usage
		Usr 0 00:00:00, Sys 0 00:00:00  -  Run Local Usage
		Usr 0 02:18:17, Sys 0 00:00:05  -  Total Remote Usage
		Usr 0 00:00:00, Sys 0 00:00:00  -  Total Local Usage
	0  -  Run Bytes Sent By Job
	0  -  Run Bytes Received By Job
	0  -  Total Bytes Sent By Job
	0  -  Total Bytes Received By Job
	Partitionable Resources :    Usage  Request Allocated
	   Cpus                 :                 1         1
	   Disk (KB)            :        5        5   1505725
	   Memory (MB)          :        7        1         1
...
000 (4891968.000.000) 09/20 13:52:28 Job submitted from host: <10.5.0.46:9618?addrs=10.5.0.46-9618&noUDP&sock=2562_3622_3>
...
001 (4891968.000.000) 09/20 13:52:53 Job executing on host: <10.5.212.184:9618?addrs=10.5.212.184-9618+[--1]-9618&noUDP&sock=2595_d8c2_3>
...
006 (4891968.000.000) 09/20 13:53:02 Image size of job updated: 12084
	7  -  MemoryUsage of job (MB)
	6336  -  ResidentSetSize of job (KB)
...
006 (4891968.000.000) 09/20 14:28:05 Image size of job updated: 12088
	7  -  MemoryUsage of job (MB)
	6336  -  ResidentSetSize of job (KB)
...
005 (4891968.000.000) 09/20 15:07:50 Job terminated.
	(1) Normal termination (return value 0)
		Usr 0 01:14:17, Sys 0 00:00:01  -  Run Remote Usage
		Usr 0 00:00:00, Sys 0 00:00:00  -  Run Local Usage
		Usr 0 01:14:17, Sys 0 00:00:01  -  Total Remote Usage
		Usr 0 00:00:00, Sys 0 00:00:00  -  Total Local Usage
	0  -  Run Bytes Sent By Job
	0  -  Run Bytes Received By Job
	0  -  Total Bytes Sent By Job
	0  -  Total Bytes Received By Job
	Partitionable Resources :    Usage  Request Allocated
	   Cpus                 :                 1         1
	   Disk (KB)            :        5        5   1506731
	   Memory (MB)          :        7        1         1
...
000 (4892600.000.000) 09/24 13:03:14 Job submitted from host: <10.5.0.46:9618?addrs=10.5.0.46-9618&noUDP&sock=1141784_bf3e_3>
...
001 (4892600.000.000) 09/24 13:03:17 Job executing on host: <10.5.219.3:9618?addrs=10.5.219.3-9618+[--1]-9618&noUDP&sock=2163_3770_3>
...
006 (4892600.000.000) 09/24 13:03:25 Image size of job updated: 12232
	7  -  MemoryUsage of job (MB)
	6520  -  ResidentSetSize of job (KB)
...
006 (4892600.000.000) 09/24 13:08:25 Image size of job updated: 12244
	7  -  MemoryUsage of job (MB)
	6520  -  ResidentSetSize of job (KB)
...
006 (4892600.000.000) 09/24 15:24:49 Image size of job updated: 142288
	7  -  MemoryUsage of job (MB)
	6520  -  ResidentSetSize of job (KB)
...
005 (4892600.000.000) 09/24 15:24:49 Job terminated.
	(1) Normal termination (return value 0)
		Usr 0 02:19:18, Sys 0 00:00:02  -  Run Remote Usage
		Usr 0 00:00:00, Sys 0 00:00:00  -  Run Local Usage
		Usr 0 02:19:18, Sys 0 00:00:02  -  Total Remote Usage
		Usr 0 00:00:00, Sys 0 00:00:00  -  Total Local Usage
	0  -  Run Bytes Sent By Job
	0  -  Run Bytes Received By Job
	0  -  Total Bytes Sent By Job
	0  -  Total Bytes Received By Job
	Partitionable Resources :    Usage  Request Allocated
	   Cpus                 :                 1         1
	   Disk (KB)            :        5        5   1505711
	   Memory (MB)          :        7        1         1
...
000 (4892630.000.000) 09/24 16:51:10 Job submitted from host: <10.5.0.46:9618?addrs=10.5.0.46-9618&noUDP&sock=1141784_bf3e_3>
...
001 (4892630.000.000) 09/24 16:51:12 Job executing on host: <10.5.216.169:9618?addrs=10.5.216.169-9618+[--1]-9618&noUDP&sock=2163_3770_3>
...
006 (4892630.000.000) 09/24 16:51:21 Image size of job updated: 12264
	7  -  MemoryUsage of job (MB)
	6568  -  ResidentSetSize of job (KB)
...
006 (4892630.000.000) 09/24 16:56:22 Image size of job updated: 12288
	7  -  MemoryUsage of job (MB)
	6568  -  ResidentSetSize of job (KB)
...
006 (4892630.000.000) 09/24 17:21:23 Image size of job updated: 12292
	7  -  MemoryUsage of job (MB)
	6568  -  ResidentSetSize of job (KB)
...
000 (4898285.000.000) 09/25 09:51:45 Job submitted from host: <10.5.0.46:9618?addrs=10.5.0.46-9618&noUDP&sock=1141784_bf3e_3>
...
001 (4898285.000.000) 09/25 09:51:50 Job executing on host: <10.5.218.213:9618?addrs=10.5.218.213-9618+[--1]-9618&noUDP&sock=2154_0b16_3>
...
006 (4898285.000.000) 09/25 09:51:59 Image size of job updated: 11924
	7  -  MemoryUsage of job (MB)
	6212  -  ResidentSetSize of job (KB)
...
006 (4898285.000.000) 09/25 09:57:00 Image size of job updated: 11940
	7  -  MemoryUsage of job (MB)
	6212  -  ResidentSetSize of job (KB)
...
006 (4898285.000.000) 09/25 10:07:01 Image size of job updated: 11960
	7  -  MemoryUsage of job (MB)
	6232  -  ResidentSetSize of job (KB)
...
005 (4898285.000.000) 09/25 10:57:32 Job terminated.
	(1) Normal termination (return value 0)
		Usr 0 01:04:29, Sys 0 00:00:02  -  Run Remote Usage
		Usr 0 00:00:00, Sys 0 00:00:00  -  Run Local Usage
		Usr 0 01:04:29, Sys 0 00:00:02  -  Total Remote Usage
		Usr 0 00:00:00, Sys 0 00:00:00  -  Total Local Usage
	0  -  Run Bytes Sent By Job
	0  -  Run Bytes Received By Job
	0  -  Total Bytes Sent By Job
	0  -  Total Bytes Received By Job
	Partitionable Resources :    Usage  Request Allocated
	   Cpus                 :                 1         1
	   Disk (KB)            :        5        5   1505721
	   Memory (MB)          :        7        1         1
...
000 (4898302.000.000) 09/25 11:59:09 Job submitted from host: <10.5.0.46:9618?addrs=10.5.0.46-9618&noUDP&sock=1141784_bf3e_3>
...
001 (4898302.000.000) 09/25 11:59:14 Job executing on host: <10.5.215.177:9618?addrs=10.5.215.177-9618+[--1]-9618&noUDP&sock=2176_222c_3>
...
006 (4898302.000.000) 09/25 11:59:23 Image size of job updated: 12672
	7  -  MemoryUsage of job (MB)
	6960  -  ResidentSetSize of job (KB)
...
006 (4898302.000.000) 09/25 11:59:40 Image size of job updated: 12676
	7  -  MemoryUsage of job (MB)
	6960  -  ResidentSetSize of job (KB)
...
005 (4898302.000.000) 09/25 11:59:40 Job terminated.
	(1) Normal termination (return value 0)
		Usr 0 00:00:11, Sys 0 00:00:00  -  Run Remote Usage
		Usr 0 00:00:00, Sys 0 00:00:00  -  Run Local Usage
		Usr 0 00:00:11, Sys 0 00:00:00  -  Total Remote Usage
		Usr 0 00:00:00, Sys 0 00:00:00  -  Total Local Usage
	0  -  Run Bytes Sent By Job
	0  -  Run Bytes Received By Job
	0  -  Total Bytes Sent By Job
	0  -  Total Bytes Received By Job
	Partitionable Resources :    Usage  Request Allocated
	   Cpus                 :                 1         1
	   Disk (KB)            :        5        5   1507070
	   Memory (MB)          :        7        1         1
...
000 (4898310.000.000) 09/25 13:26:51 Job submitted from host: <10.5.0.46:9618?addrs=10.5.0.46-9618&noUDP&sock=1141784_bf3e_3>
...
001 (4898310.000.000) 09/25 13:29:03 Job executing on host: <10.5.214.175:9618?addrs=10.5.214.175-9618+[--1]-9618&noUDP&sock=2593_7991_3>
...
006 (4898310.000.000) 09/25 13:29:11 Image size of job updated: 11980
	7  -  MemoryUsage of job (MB)
	6264  -  ResidentSetSize of job (KB)
...
006 (4898310.000.000) 09/25 13:34:11 Image size of job updated: 12032
	7  -  MemoryUsage of job (MB)
	6292  -  ResidentSetSize of job (KB)
...
005 (4898310.000.000) 09/25 13:46:39 Job terminated.
	(1) Normal termination (return value 0)
		Usr 0 00:17:24, Sys 0 00:00:00  -  Run Remote Usage
		Usr 0 00:00:00, Sys 0 00:00:00  -  Run Local Usage
		Usr 0 00:17:24, Sys 0 00:00:00  -  Total Remote Usage
		Usr 0 00:00:00, Sys 0 00:00:00  -  Total Local Usage
	0  -  Run Bytes Sent By Job
	0  -  Run Bytes Received By Job
	0  -  Total Bytes Sent By Job
	0  -  Total Bytes Received By Job
	Partitionable Resources :    Usage  Request Allocated
	   Cpus                 :                 1         1
	   Disk (KB)            :        5        5   1506732
	   Memory (MB)          :        7        1         1
...
006 (4892630.000.000) 09/26 10:20:43 Image size of job updated: 12316
	7  -  MemoryUsage of job (MB)
	6592  -  ResidentSetSize of job (KB)
...
004 (4892630.000.000) 09/26 10:45:08 Job was evicted.
	(0) Job was not checkpointed.
		Usr 1 17:26:59, Sys 0 00:02:03  -  Run Remote Usage
		Usr 0 00:00:00, Sys 0 00:00:00  -  Run Local Usage
	0  -  Run Bytes Sent By Job
	0  -  Run Bytes Received By Job
	Partitionable Resources :    Usage  Request Allocated
	   Cpus                 :                 1         1
	   Disk (KB)            :        5        5   1505712
	   Memory (MB)          :        7        1         1
...
009 (4892630.000.000) 09/26 10:45:08 Job was aborted by the user.
	via condor_rm (by user elawsonk)
...
000 (4899705.000.000) 09/30 12:57:16 Job submitted from host: <10.5.0.46:9618?addrs=10.5.0.46-9618&noUDP&sock=1141784_bf3e_3>
...
001 (4899705.000.000) 09/30 12:57:19 Job executing on host: <10.5.218.174:9618?addrs=10.5.218.174-9618+[--1]-9618&noUDP&sock=2160_28a8_3>
...
006 (4899705.000.000) 09/30 12:57:28 Image size of job updated: 7520
	4  -  MemoryUsage of job (MB)
	3128  -  ResidentSetSize of job (KB)
...
006 (4899705.000.000) 09/30 13:02:28 Image size of job updated: 12548
	7  -  MemoryUsage of job (MB)
	6832  -  ResidentSetSize of job (KB)
...
006 (4899705.000.000) 09/30 13:07:28 Image size of job updated: 12552
	7  -  MemoryUsage of job (MB)
	6836  -  ResidentSetSize of job (KB)
...
005 (4899705.000.000) 09/30 13:19:31 Job terminated.
	(1) Normal termination (return value 0)
		Usr 0 00:19:53, Sys 0 00:00:31  -  Run Remote Usage
		Usr 0 00:00:00, Sys 0 00:00:00  -  Run Local Usage
		Usr 0 00:19:53, Sys 0 00:00:31  -  Total Remote Usage
		Usr 0 00:00:00, Sys 0 00:00:00  -  Total Local Usage
	0  -  Run Bytes Sent By Job
	0  -  Run Bytes Received By Job
	0  -  Total Bytes Sent By Job
	0  -  Total Bytes Received By Job
	Partitionable Resources :    Usage  Request Allocated
	   Cpus                 :                 1         1
	   Disk (KB)            :        5        5   1505902
	   Memory (MB)          :        7        1         1
...
000 (4903456.000.000) 09/30 15:06:50 Job submitted from host: <10.5.0.46:9618?addrs=10.5.0.46-9618&noUDP&sock=1141784_bf3e_3>
...
001 (4903456.000.000) 09/30 15:06:52 Job executing on host: <10.5.218.152:9618?addrs=10.5.218.152-9618+[--1]-9618&noUDP&sock=2153_5b7e_3>
...
006 (4903456.000.000) 09/30 15:07:01 Image size of job updated: 12996
	8  -  MemoryUsage of job (MB)
	7304  -  ResidentSetSize of job (KB)
...
005 (4903456.000.000) 09/30 15:26:53 Job terminated.
	(1) Normal termination (return value 0)
		Usr 0 00:19:42, Sys 0 00:00:00  -  Run Remote Usage
		Usr 0 00:00:00, Sys 0 00:00:00  -  Run Local Usage
		Usr 0 00:19:42, Sys 0 00:00:00  -  Total Remote Usage
		Usr 0 00:00:00, Sys 0 00:00:00  -  Total Local Usage
	0  -  Run Bytes Sent By Job
	0  -  Run Bytes Received By Job
	0  -  Total Bytes Sent By Job
	0  -  Total Bytes Received By Job
	Partitionable Resources :    Usage  Request Allocated
	   Cpus                 :                 1         1
	   Disk (KB)            :        5        5   1505711
	   Memory (MB)          :        8        1         1
...
000 (4903822.000.000) 10/01 16:09:20 Job submitted from host: <10.5.0.46:9618?addrs=10.5.0.46-9618&noUDP&sock=1141784_bf3e_3>
...
001 (4903822.000.000) 10/01 16:09:23 Job executing on host: <10.5.219.26:9618?addrs=10.5.219.26-9618+[--1]-9618&noUDP&sock=2157_19df_3>
...
006 (4903822.000.000) 10/01 16:09:32 Image size of job updated: 7540
	4  -  MemoryUsage of job (MB)
	3120  -  ResidentSetSize of job (KB)
...
006 (4903822.000.000) 10/01 16:10:05 Image size of job updated: 11996
	4  -  MemoryUsage of job (MB)
	3120  -  ResidentSetSize of job (KB)
...
005 (4903822.000.000) 10/01 16:10:05 Job terminated.
	(1) Normal termination (return value 0)
		Usr 0 00:00:11, Sys 0 00:00:00  -  Run Remote Usage
		Usr 0 00:00:00, Sys 0 00:00:00  -  Run Local Usage
		Usr 0 00:00:11, Sys 0 00:00:00  -  Total Remote Usage
		Usr 0 00:00:00, Sys 0 00:00:00  -  Total Local Usage
	0  -  Run Bytes Sent By Job
	0  -  Run Bytes Received By Job
	0  -  Total Bytes Sent By Job
	0  -  Total Bytes Received By Job
	Partitionable Resources :    Usage  Request Allocated
	   Cpus                 :                 1         1
	   Disk (KB)            :        5        5   1505725
	   Memory (MB)          :        4        1         1
...
000 (4903823.000.000) 10/02 10:07:40 Job submitted from host: <10.5.0.46:9618?addrs=10.5.0.46-9618&noUDP&sock=1141784_bf3e_3>
...
001 (4903823.000.000) 10/02 10:07:57 Job executing on host: <10.5.216.194:9618?addrs=10.5.216.194-9618+[--1]-9618&noUDP&sock=2158_c977_3>
...
006 (4903823.000.000) 10/02 10:08:05 Image size of job updated: 11964
	7  -  MemoryUsage of job (MB)
	6248  -  ResidentSetSize of job (KB)
...
006 (4903823.000.000) 10/02 10:13:05 Image size of job updated: 12104
	7  -  MemoryUsage of job (MB)
	6372  -  ResidentSetSize of job (KB)
...
006 (4903823.000.000) 10/02 11:20:11 Image size of job updated: 142300
	7  -  MemoryUsage of job (MB)
	6372  -  ResidentSetSize of job (KB)
...
005 (4903823.000.000) 10/02 11:20:11 Job terminated.
	(1) Normal termination (return value 0)
		Usr 0 01:06:45, Sys 0 00:00:04  -  Run Remote Usage
		Usr 0 00:00:00, Sys 0 00:00:00  -  Run Local Usage
		Usr 0 01:06:45, Sys 0 00:00:04  -  Total Remote Usage
		Usr 0 00:00:00, Sys 0 00:00:00  -  Total Local Usage
	0  -  Run Bytes Sent By Job
	0  -  Run Bytes Received By Job
	0  -  Total Bytes Sent By Job
	0  -  Total Bytes Received By Job
	Partitionable Resources :    Usage  Request Allocated
	   Cpus                 :                 1         1
	   Disk (KB)            :        5        5   1505723
	   Memory (MB)          :        7        1         1
...
000 (4903825.000.000) 10/02 15:08:55 Job submitted from host: <10.5.0.46:9618?addrs=10.5.0.46-9618&noUDP&sock=1141784_bf3e_3>
...
001 (4903825.000.000) 10/02 15:09:15 Job executing on host: <10.5.145.42:9618?addrs=10.5.145.42-9618+[--1]-9618&noUDP&sock=2142_cff3_3>
...
006 (4903825.000.000) 10/02 15:09:23 Image size of job updated: 11064
	7  -  MemoryUsage of job (MB)
	6212  -  ResidentSetSize of job (KB)
...
006 (4903825.000.000) 10/02 15:14:23 Image size of job updated: 11316
	7  -  MemoryUsage of job (MB)
	6444  -  ResidentSetSize of job (KB)
...
000 (4903826.000.000) 10/02 15:17:27 Job submitted from host: <10.5.0.46:9618?addrs=10.5.0.46-9618&noUDP&sock=1141784_bf3e_3>
...
001 (4903826.000.000) 10/02 15:17:35 Job executing on host: <10.5.217.1:9618?addrs=10.5.217.1-9618+[--1]-9618&noUDP&sock=2172_63cb_3>
...
006 (4903826.000.000) 10/02 15:17:44 Image size of job updated: 11964
	7  -  MemoryUsage of job (MB)
	6264  -  ResidentSetSize of job (KB)
...
000 (4903827.000.000) 10/02 15:24:54 Job submitted from host: <10.5.0.46:9618?addrs=10.5.0.46-9618&noUDP&sock=1141784_bf3e_3>
...
001 (4903827.000.000) 10/02 15:24:56 Job executing on host: <10.5.218.190:9618?addrs=10.5.218.190-9618+[--1]-9618&noUDP&sock=2173_1363_3>
...
006 (4903827.000.000) 10/02 15:25:04 Image size of job updated: 11916
	7  -  MemoryUsage of job (MB)
	6212  -  ResidentSetSize of job (KB)
...
006 (4903825.000.000) 10/02 15:29:24 Image size of job updated: 11324
	7  -  MemoryUsage of job (MB)
	6444  -  ResidentSetSize of job (KB)
...
006 (4903827.000.000) 10/02 15:30:04 Image size of job updated: 12192
	7  -  MemoryUsage of job (MB)
	6488  -  ResidentSetSize of job (KB)
...
006 (4903825.000.000) 10/02 15:39:26 Image size of job updated: 11328
	7  -  MemoryUsage of job (MB)
	6444  -  ResidentSetSize of job (KB)
...
006 (4903825.000.000) 10/02 15:49:27 Image size of job updated: 11340
	7  -  MemoryUsage of job (MB)
	6444  -  ResidentSetSize of job (KB)
...
006 (4903825.000.000) 10/02 17:19:36 Image size of job updated: 11348
	7  -  MemoryUsage of job (MB)
	6448  -  ResidentSetSize of job (KB)
...
006 (4903825.000.000) 10/02 17:24:36 Image size of job updated: 11352
	7  -  MemoryUsage of job (MB)
	6452  -  ResidentSetSize of job (KB)
...
005 (4903825.000.000) 10/02 19:40:58 Job terminated.
	(1) Normal termination (return value 0)
		Usr 0 04:23:49, Sys 0 00:04:07  -  Run Remote Usage
		Usr 0 00:00:00, Sys 0 00:00:00  -  Run Local Usage
		Usr 0 04:23:49, Sys 0 00:04:07  -  Total Remote Usage
		Usr 0 00:00:00, Sys 0 00:00:00  -  Total Local Usage
	0  -  Run Bytes Sent By Job
	0  -  Run Bytes Received By Job
	0  -  Total Bytes Sent By Job
	0  -  Total Bytes Received By Job
	Partitionable Resources :    Usage  Request Allocated
	   Cpus                 :                 1         1
	   Disk (KB)            :        5        5   1505699
	   Memory (MB)          :        7        1         1
...
004 (4903826.000.000) 10/03 09:50:17 Job was evicted.
	(0) Job was not checkpointed.
		Usr 0 18:31:30, Sys 0 00:00:49  -  Run Remote Usage
		Usr 0 00:00:00, Sys 0 00:00:00  -  Run Local Usage
	0  -  Run Bytes Sent By Job
	0  -  Run Bytes Received By Job
	Partitionable Resources :    Usage  Request Allocated
	   Cpus                 :                 1         1
	   Disk (KB)            :        5        5   1505727
	   Memory (MB)          :        7        1         1
...
009 (4903826.000.000) 10/03 09:50:17 Job was aborted by the user.
	via condor_rm (by user elawsonk)
...
004 (4903827.000.000) 10/03 09:50:29 Job was evicted.
	(0) Job was not checkpointed.
		Usr 0 18:25:15, Sys 0 00:00:00  -  Run Remote Usage
		Usr 0 00:00:00, Sys 0 00:00:00  -  Run Local Usage
	0  -  Run Bytes Sent By Job
	0  -  Run Bytes Received By Job
	Partitionable Resources :    Usage  Request Allocated
	   Cpus                 :                 1         1
	   Disk (KB)            :        5        5   1505728
	   Memory (MB)          :        7        1         1
...
009 (4903827.000.000) 10/03 09:50:29 Job was aborted by the user.
	via condor_rm (by user elawsonk)
...
000 (4903838.000.000) 10/03 09:51:45 Job submitted from host: <10.5.0.46:9618?addrs=10.5.0.46-9618&noUDP&sock=1141784_bf3e_3>
...
001 (4903838.000.000) 10/03 09:51:51 Job executing on host: <10.5.219.3:9618?addrs=10.5.219.3-9618+[--1]-9618&noUDP&sock=2163_3770_3>
...
006 (4903838.000.000) 10/03 09:51:59 Image size of job updated: 11624
	7  -  MemoryUsage of job (MB)
	6748  -  ResidentSetSize of job (KB)
...
004 (4903838.000.000) 10/03 09:54:01 Job was evicted.
	(0) Job was not checkpointed.
		Usr 0 00:02:09, Sys 0 00:00:00  -  Run Remote Usage
		Usr 0 00:00:00, Sys 0 00:00:00  -  Run Local Usage
	0  -  Run Bytes Sent By Job
	0  -  Run Bytes Received By Job
	Partitionable Resources :    Usage  Request Allocated
	   Cpus                 :                 1         1
	   Disk (KB)            :        5        5   1505711
	   Memory (MB)          :        7        1         1
...
009 (4903838.000.000) 10/03 09:54:01 Job was aborted by the user.
	via condor_rm (by user elawsonk)
...
000 (4903839.000.000) 10/03 09:54:35 Job submitted from host: <10.5.0.46:9618?addrs=10.5.0.46-9618&noUDP&sock=1141784_bf3e_3>
...
001 (4903839.000.000) 10/03 09:54:37 Job executing on host: <10.5.219.3:9618?addrs=10.5.219.3-9618+[--1]-9618&noUDP&sock=2163_3770_3>
...
006 (4903839.000.000) 10/03 09:54:45 Image size of job updated: 11040
	7  -  MemoryUsage of job (MB)
	6172  -  ResidentSetSize of job (KB)
...
006 (4903839.000.000) 10/03 09:59:45 Image size of job updated: 11056
	7  -  MemoryUsage of job (MB)
	6188  -  ResidentSetSize of job (KB)
...
000 (4903840.000.000) 10/03 10:21:47 Job submitted from host: <10.5.0.46:9618?addrs=10.5.0.46-9618&noUDP&sock=1141784_bf3e_3>
...
001 (4903840.000.000) 10/03 10:21:59 Job executing on host: <10.5.217.1:9618?addrs=10.5.217.1-9618+[--1]-9618&noUDP&sock=2172_63cb_3>
...
006 (4903840.000.000) 10/03 10:22:07 Image size of job updated: 11776
	7  -  MemoryUsage of job (MB)
	6912  -  ResidentSetSize of job (KB)
...
006 (4903840.000.000) 10/03 10:27:07 Image size of job updated: 11940
	7  -  MemoryUsage of job (MB)
	7072  -  ResidentSetSize of job (KB)
...
006 (4903839.000.000) 10/03 10:49:51 Image size of job updated: 11348
	7  -  MemoryUsage of job (MB)
	6480  -  ResidentSetSize of job (KB)
...
000 (4903841.000.000) 10/03 11:41:25 Job submitted from host: <10.5.0.46:9618?addrs=10.5.0.46-9618&noUDP&sock=1141784_bf3e_3>
...
001 (4903841.000.000) 10/03 11:41:26 Job executing on host: <10.5.244.179:9618?addrs=10.5.244.179-9618+[--1]-9618&noUDP&sock=2167_f5d1_3>
...
006 (4903841.000.000) 10/03 11:41:35 Image size of job updated: 11960
	7  -  MemoryUsage of job (MB)
	6248  -  ResidentSetSize of job (KB)
...
006 (4903841.000.000) 10/03 11:46:36 Image size of job updated: 11976
	7  -  MemoryUsage of job (MB)
	6248  -  ResidentSetSize of job (KB)
...
005 (4903841.000.000) 10/03 12:48:29 Job terminated.
	(1) Normal termination (return value 0)
		Usr 0 01:05:04, Sys 0 00:00:02  -  Run Remote Usage
		Usr 0 00:00:00, Sys 0 00:00:00  -  Run Local Usage
		Usr 0 01:05:04, Sys 0 00:00:02  -  Total Remote Usage
		Usr 0 00:00:00, Sys 0 00:00:00  -  Total Local Usage
	0  -  Run Bytes Sent By Job
	0  -  Run Bytes Received By Job
	0  -  Total Bytes Sent By Job
	0  -  Total Bytes Received By Job
	Partitionable Resources :    Usage  Request Allocated
	   Cpus                 :                 1         1
	   Disk (KB)            :        5        5   1505746
	   Memory (MB)          :        7        1         1
...
000 (4903846.000.000) 10/03 14:49:10 Job submitted from host: <10.5.0.46:9618?addrs=10.5.0.46-9618&noUDP&sock=1141784_bf3e_3>
...
001 (4903846.000.000) 10/03 14:49:14 Job executing on host: <10.5.215.29:9618?addrs=10.5.215.29-9618+[--1]-9618&noUDP&sock=2160_28a8_3>
...
006 (4903846.000.000) 10/03 14:49:22 Image size of job updated: 11148
	7  -  MemoryUsage of job (MB)
	6284  -  ResidentSetSize of job (KB)
...
006 (4903846.000.000) 10/03 14:54:22 Image size of job updated: 11176
	7  -  MemoryUsage of job (MB)
	6284  -  ResidentSetSize of job (KB)
...
006 (4903846.000.000) 10/03 15:04:24 Image size of job updated: 11180
	7  -  MemoryUsage of job (MB)
	6284  -  ResidentSetSize of job (KB)
...
005 (4903846.000.000) 10/03 15:55:58 Job terminated.
	(1) Normal termination (return value 0)
		Usr 0 01:04:18, Sys 0 00:00:05  -  Run Remote Usage
		Usr 0 00:00:00, Sys 0 00:00:00  -  Run Local Usage
		Usr 0 01:04:18, Sys 0 00:00:05  -  Total Remote Usage
		Usr 0 00:00:00, Sys 0 00:00:00  -  Total Local Usage
	0  -  Run Bytes Sent By Job
	0  -  Run Bytes Received By Job
	0  -  Total Bytes Sent By Job
	0  -  Total Bytes Received By Job
	Partitionable Resources :    Usage  Request Allocated
	   Cpus                 :                 1         1
	   Disk (KB)            :        5        5   1505725
	   Memory (MB)          :        7        1         1
...
000 (4903852.000.000) 10/03 16:55:42 Job submitted from host: <10.5.0.46:9618?addrs=10.5.0.46-9618&noUDP&sock=1141784_bf3e_3>
...
001 (4903852.000.000) 10/03 16:55:43 Job executing on host: <10.5.215.212:9618?addrs=10.5.215.212-9618+[--1]-9618&noUDP&sock=2146_8e54_3>
...
006 (4903852.000.000) 10/03 16:55:51 Image size of job updated: 12132
	7  -  MemoryUsage of job (MB)
	6440  -  ResidentSetSize of job (KB)
...
006 (4903852.000.000) 10/03 19:51:08 Image size of job updated: 12140
	7  -  MemoryUsage of job (MB)
	6440  -  ResidentSetSize of job (KB)
...
006 (4903852.000.000) 10/03 20:46:14 Image size of job updated: 12148
	7  -  MemoryUsage of job (MB)
	6440  -  ResidentSetSize of job (KB)
...
005 (4903852.000.000) 10/04 09:03:34 Job terminated.
	(1) Normal termination (return value 0)
		Usr 0 15:11:05, Sys 0 00:02:06  -  Run Remote Usage
		Usr 0 00:00:00, Sys 0 00:00:00  -  Run Local Usage
		Usr 0 15:11:05, Sys 0 00:02:06  -  Total Remote Usage
		Usr 0 00:00:00, Sys 0 00:00:00  -  Total Local Usage
	0  -  Run Bytes Sent By Job
	0  -  Run Bytes Received By Job
	0  -  Total Bytes Sent By Job
	0  -  Total Bytes Received By Job
	Partitionable Resources :    Usage  Request Allocated
	   Cpus                 :                 1         1
	   Disk (KB)            :        5        5   1505705
	   Memory (MB)          :        7        1         1
...
004 (4903839.000.000) 10/07 13:56:29 Job was evicted.
	(0) Job was not checkpointed.
		Usr 4 04:00:39, Sys 0 00:00:01  -  Run Remote Usage
		Usr 0 00:00:00, Sys 0 00:00:00  -  Run Local Usage
	0  -  Run Bytes Sent By Job
	0  -  Run Bytes Received By Job
	Partitionable Resources :    Usage  Request Allocated
	   Cpus                 :                 1         1
	   Disk (KB)            :        5        5   1505711
	   Memory (MB)          :        7        1         1
...
009 (4903839.000.000) 10/07 13:56:29 Job was aborted by the user.
	via condor_rm (by user elawsonk)
...
004 (4903840.000.000) 10/07 13:57:13 Job was evicted.
	(0) Job was not checkpointed.
		Usr 4 03:33:39, Sys 0 00:00:02  -  Run Remote Usage
		Usr 0 00:00:00, Sys 0 00:00:00  -  Run Local Usage
	0  -  Run Bytes Sent By Job
	0  -  Run Bytes Received By Job
	Partitionable Resources :    Usage  Request Allocated
	   Cpus                 :                 1         1
	   Disk (KB)            :        5        5   1505727
	   Memory (MB)          :        7        1         1
...
009 (4903840.000.000) 10/07 13:57:13 Job was aborted by the user.
	via condor_rm (by user elawsonk)
...
000 (4903881.000.000) 10/07 14:00:15 Job submitted from host: <10.5.0.46:9618?addrs=10.5.0.46-9618&noUDP&sock=1141784_bf3e_3>
...
001 (4903881.000.000) 10/07 14:00:16 Job executing on host: <10.5.206.34:9618?addrs=10.5.206.34-9618+[--1]-9618&noUDP&sock=2165_96a1_3>
...
006 (4903881.000.000) 10/07 14:00:25 Image size of job updated: 12876
	7  -  MemoryUsage of job (MB)
	7164  -  ResidentSetSize of job (KB)
...
006 (4903881.000.000) 10/07 14:55:32 Image size of job updated: 12896
	7  -  MemoryUsage of job (MB)
	7168  -  ResidentSetSize of job (KB)
...
006 (4903881.000.000) 10/07 16:00:40 Image size of job updated: 12912
	7  -  MemoryUsage of job (MB)
	7168  -  ResidentSetSize of job (KB)
...
006 (4903881.000.000) 10/07 16:25:43 Image size of job updated: 12920
	8  -  MemoryUsage of job (MB)
	7176  -  ResidentSetSize of job (KB)
...
006 (4903881.000.000) 10/08 01:11:40 Image size of job updated: 12928
	8  -  MemoryUsage of job (MB)
	7184  -  ResidentSetSize of job (KB)
...
005 (4903881.000.000) 10/08 06:12:38 Job terminated.
	(1) Normal termination (return value 0)
		Usr 0 14:59:51, Sys 0 00:00:19  -  Run Remote Usage
		Usr 0 00:00:00, Sys 0 00:00:00  -  Run Local Usage
		Usr 0 14:59:51, Sys 0 00:00:19  -  Total Remote Usage
		Usr 0 00:00:00, Sys 0 00:00:00  -  Total Local Usage
	0  -  Run Bytes Sent By Job
	0  -  Run Bytes Received By Job
	0  -  Total Bytes Sent By Job
	0  -  Total Bytes Received By Job
	Partitionable Resources :    Usage  Request Allocated
	   Cpus                 :                 1         1
	   Disk (KB)            :        5        5   1505711
	   Memory (MB)          :        8        1         1
...
000 (4904543.000.000) 10/08 13:02:51 Job submitted from host: <10.5.0.46:9618?addrs=10.5.0.46-9618&noUDP&sock=1141784_bf3e_3>
...
001 (4904543.000.000) 10/08 13:02:53 Job executing on host: <10.5.175.124:9618?addrs=10.5.175.124-9618+[--1]-9618&noUDP&sock=2160_28a8_3>
...
006 (4904543.000.000) 10/08 13:03:02 Image size of job updated: 12952
	8  -  MemoryUsage of job (MB)
	7236  -  ResidentSetSize of job (KB)
...
006 (4904543.000.000) 10/08 13:08:03 Image size of job updated: 12960
	8  -  MemoryUsage of job (MB)
	7236  -  ResidentSetSize of job (KB)
...
000 (4904544.000.000) 10/08 13:51:03 Job submitted from host: <10.5.0.46:9618?addrs=10.5.0.46-9618&noUDP&sock=1141784_bf3e_3>
...
001 (4904544.000.000) 10/08 13:51:12 Job executing on host: <10.5.216.166:9618?addrs=10.5.216.166-9618+[--1]-9618&noUDP&sock=2154_0b16_3>
...
006 (4904544.000.000) 10/08 13:51:22 Image size of job updated: 12488
	7  -  MemoryUsage of job (MB)
	6796  -  ResidentSetSize of job (KB)
...
006 (4904544.000.000) 10/08 13:56:22 Image size of job updated: 12520
	7  -  MemoryUsage of job (MB)
	6796  -  ResidentSetSize of job (KB)
...
006 (4904544.000.000) 10/08 14:11:24 Image size of job updated: 12544
	7  -  MemoryUsage of job (MB)
	6800  -  ResidentSetSize of job (KB)
...
006 (4904543.000.000) 10/08 14:28:11 Image size of job updated: 12988
	8  -  MemoryUsage of job (MB)
	7244  -  ResidentSetSize of job (KB)
...
006 (4904544.000.000) 10/08 15:16:31 Image size of job updated: 12548
	7  -  MemoryUsage of job (MB)
	6804  -  ResidentSetSize of job (KB)
...
006 (4904543.000.000) 10/08 15:18:16 Image size of job updated: 13016
	8  -  MemoryUsage of job (MB)
	7272  -  ResidentSetSize of job (KB)
...
006 (4904544.000.000) 10/08 15:51:34 Image size of job updated: 12560
	7  -  MemoryUsage of job (MB)
	6816  -  ResidentSetSize of job (KB)
...
006 (4904543.000.000) 10/08 18:38:36 Image size of job updated: 13024
	8  -  MemoryUsage of job (MB)
	7280  -  ResidentSetSize of job (KB)
...
006 (4904544.000.000) 10/08 18:46:51 Image size of job updated: 12572
	7  -  MemoryUsage of job (MB)
	6828  -  ResidentSetSize of job (KB)
...
006 (4904544.000.000) 10/08 23:37:25 Image size of job updated: 12596
	7  -  MemoryUsage of job (MB)
	6844  -  ResidentSetSize of job (KB)
...
006 (4904544.000.000) 10/08 23:42:25 Image size of job updated: 12608
	7  -  MemoryUsage of job (MB)
	6856  -  ResidentSetSize of job (KB)
...
005 (4904543.000.000) 10/09 04:50:30 Job terminated.
	(1) Normal termination (return value 0)
		Usr 0 15:00:53, Sys 0 00:00:35  -  Run Remote Usage
		Usr 0 00:00:00, Sys 0 00:00:00  -  Run Local Usage
		Usr 0 15:00:53, Sys 0 00:00:35  -  Total Remote Usage
		Usr 0 00:00:00, Sys 0 00:00:00  -  Total Local Usage
	0  -  Run Bytes Sent By Job
	0  -  Run Bytes Received By Job
	0  -  Total Bytes Sent By Job
	0  -  Total Bytes Received By Job
	Partitionable Resources :    Usage  Request Allocated
	   Cpus                 :                 1         1
	   Disk (KB)            :        5        5   1505728
	   Memory (MB)          :        8        1         1
...
005 (4904544.000.000) 10/09 06:01:27 Job terminated.
	(1) Normal termination (return value 0)
		Usr 0 15:16:22, Sys 0 00:00:21  -  Run Remote Usage
		Usr 0 00:00:00, Sys 0 00:00:00  -  Run Local Usage
		Usr 0 15:16:22, Sys 0 00:00:21  -  Total Remote Usage
		Usr 0 00:00:00, Sys 0 00:00:00  -  Total Local Usage
	0  -  Run Bytes Sent By Job
	0  -  Run Bytes Received By Job
	0  -  Total Bytes Sent By Job
	0  -  Total Bytes Received By Job
	Partitionable Resources :    Usage  Request Allocated
	   Cpus                 :                 1         1
	   Disk (KB)            :        5        5   1505727
	   Memory (MB)          :        7        1         1
...
000 (4946295.000.000) 10/22 10:43:32 Job submitted from host: <10.5.0.46:9618?addrs=10.5.0.46-9618&noUDP&sock=1141784_bf3e_3>
...
001 (4946295.000.000) 10/22 10:43:33 Job executing on host: <10.5.215.29:9618?addrs=10.5.215.29-9618+[--1]-9618&noUDP&sock=2160_28a8_3>
...
006 (4946295.000.000) 10/22 10:43:42 Image size of job updated: 11084
	7  -  MemoryUsage of job (MB)
	6216  -  ResidentSetSize of job (KB)
...
006 (4946295.000.000) 10/22 10:48:43 Image size of job updated: 11284
	7  -  MemoryUsage of job (MB)
	6404  -  ResidentSetSize of job (KB)
...
006 (4946295.000.000) 10/22 11:58:49 Image size of job updated: 11300
	7  -  MemoryUsage of job (MB)
	6404  -  ResidentSetSize of job (KB)
...
006 (4946295.000.000) 10/22 13:18:56 Image size of job updated: 11308
	7  -  MemoryUsage of job (MB)
	6404  -  ResidentSetSize of job (KB)
...
005 (4946295.000.000) 10/23 02:38:50 Job terminated.
	(1) Normal termination (return value 0)
		Usr 0 15:29:44, Sys 0 00:00:30  -  Run Remote Usage
		Usr 0 00:00:00, Sys 0 00:00:00  -  Run Local Usage
		Usr 0 15:29:44, Sys 0 00:00:30  -  Total Remote Usage
		Usr 0 00:00:00, Sys 0 00:00:00  -  Total Local Usage
	0  -  Run Bytes Sent By Job
	0  -  Run Bytes Received By Job
	0  -  Total Bytes Sent By Job
	0  -  Total Bytes Received By Job
	Partitionable Resources :    Usage  Request Allocated
	   Cpus                 :                 1         1
	   Disk (KB)            :        5        5   1505725
	   Memory (MB)          :        7        1         1
...
000 (4946350.000.000) 10/24 13:20:49 Job submitted from host: <10.5.0.46:9618?addrs=10.5.0.46-9618&noUDP&sock=1141784_bf3e_3>
...
001 (4946350.000.000) 10/24 13:20:53 Job executing on host: <10.5.215.29:9618?addrs=10.5.215.29-9618+[--1]-9618&noUDP&sock=2160_28a8_3>
...
006 (4946350.000.000) 10/24 13:21:01 Image size of job updated: 11096
	7  -  MemoryUsage of job (MB)
	6232  -  ResidentSetSize of job (KB)
...
006 (4946350.000.000) 10/24 13:21:04 Image size of job updated: 142284
	7  -  MemoryUsage of job (MB)
	6232  -  ResidentSetSize of job (KB)
...
005 (4946350.000.000) 10/24 13:21:04 Job terminated.
	(1) Normal termination (return value 0)
		Usr 0 00:00:01, Sys 0 00:00:00  -  Run Remote Usage
		Usr 0 00:00:00, Sys 0 00:00:00  -  Run Local Usage
		Usr 0 00:00:01, Sys 0 00:00:00  -  Total Remote Usage
		Usr 0 00:00:00, Sys 0 00:00:00  -  Total Local Usage
	0  -  Run Bytes Sent By Job
	0  -  Run Bytes Received By Job
	0  -  Total Bytes Sent By Job
	0  -  Total Bytes Received By Job
	Partitionable Resources :    Usage  Request Allocated
	   Cpus                 :                 1         1
	   Disk (KB)            :        5        5   1505725
	   Memory (MB)          :        7        1         1
...
000 (4946352.000.000) 10/25 13:47:15 Job submitted from host: <10.5.0.46:9618?addrs=10.5.0.46-9618&noUDP&sock=1141784_bf3e_3>
...
001 (4946352.000.000) 10/25 13:47:29 Job executing on host: <10.5.145.42:9618?addrs=10.5.145.42-9618+[--1]-9618&noUDP&sock=2142_cff3_3>
...
006 (4946352.000.000) 10/25 13:47:37 Image size of job updated: 3108
	2  -  MemoryUsage of job (MB)
	1644  -  ResidentSetSize of job (KB)
...
006 (4946352.000.000) 10/25 13:52:37 Image size of job updated: 11952
	7  -  MemoryUsage of job (MB)
	6224  -  ResidentSetSize of job (KB)
...
006 (4946352.000.000) 10/25 14:17:40 Image size of job updated: 11972
	7  -  MemoryUsage of job (MB)
	6244  -  ResidentSetSize of job (KB)
...
006 (4946352.000.000) 10/25 15:22:46 Image size of job updated: 12012
	7  -  MemoryUsage of job (MB)
	6268  -  ResidentSetSize of job (KB)
...
005 (4946352.000.000) 10/26 02:17:55 Job terminated.
	(1) Normal termination (return value 0)
		Usr 0 12:05:06, Sys 0 00:00:17  -  Run Remote Usage
		Usr 0 00:00:00, Sys 0 00:00:00  -  Run Local Usage
		Usr 0 12:05:06, Sys 0 00:00:17  -  Total Remote Usage
		Usr 0 00:00:00, Sys 0 00:00:00  -  Total Local Usage
	0  -  Run Bytes Sent By Job
	0  -  Run Bytes Received By Job
	0  -  Total Bytes Sent By Job
	0  -  Total Bytes Received By Job
	Partitionable Resources :    Usage  Request Allocated
	   Cpus                 :                 1         1
	   Disk (KB)            :        5        5   1505699
	   Memory (MB)          :        7        1         1
...
000 (5509042.000.000) 03/13 15:16:24 Job submitted from host: <10.5.0.46:9618?addrs=10.5.0.46-9618&noUDP&sock=2742093_9cf0_3>
...
022 (5509042.000.000) 03/13 15:16:37 Job disconnected, attempting to reconnect
    Socket between submit and execute hosts closed unexpectedly
    Trying to reconnect to slot1_1@CRUSH-10-5-137-138 <10.5.137.138:9618?addrs=10.5.137.138-9618+[--1]-9618&noUDP&sock=3169_3fb7_3>
...
024 (5509042.000.000) 03/13 15:16:37 Job reconnection failed
    Job not found at execution machine
    Can not reconnect to slot1_1@CRUSH-10-5-137-138, rescheduling job
...
022 (5509042.000.000) 03/13 15:17:38 Job disconnected, attempting to reconnect
    Socket between submit and execute hosts closed unexpectedly
    Trying to reconnect to slot1_1@CRUSH-10-5-137-138 <10.5.137.138:9618?addrs=10.5.137.138-9618+[--1]-9618&noUDP&sock=3169_3fb7_3>
...
024 (5509042.000.000) 03/13 15:17:38 Job reconnection failed
    Job not found at execution machine
    Can not reconnect to slot1_1@CRUSH-10-5-137-138, rescheduling job
...
022 (5509042.000.000) 03/13 15:18:37 Job disconnected, attempting to reconnect
    Socket between submit and execute hosts closed unexpectedly
    Trying to reconnect to slot1_1@CRUSH-10-5-137-138 <10.5.137.138:9618?addrs=10.5.137.138-9618+[--1]-9618&noUDP&sock=3169_3fb7_3>
...
024 (5509042.000.000) 03/13 15:18:38 Job reconnection failed
    Job not found at execution machine
    Can not reconnect to slot1_1@CRUSH-10-5-137-138, rescheduling job
...
022 (5509042.000.000) 03/13 15:19:38 Job disconnected, attempting to reconnect
    Socket between submit and execute hosts closed unexpectedly
    Trying to reconnect to slot1_1@CRUSH-10-5-137-138 <10.5.137.138:9618?addrs=10.5.137.138-9618+[--1]-9618&noUDP&sock=3169_3fb7_3>
...
024 (5509042.000.000) 03/13 15:19:38 Job reconnection failed
    Job not found at execution machine
    Can not reconnect to slot1_1@CRUSH-10-5-137-138, rescheduling job
...
022 (5509042.000.000) 03/13 15:20:38 Job disconnected, attempting to reconnect
    Socket between submit and execute hosts closed unexpectedly
    Trying to reconnect to slot1_1@CRUSH-10-5-137-138 <10.5.137.138:9618?addrs=10.5.137.138-9618+[--1]-9618&noUDP&sock=3169_3fb7_3>
...
024 (5509042.000.000) 03/13 15:20:38 Job reconnection failed
    Job not found at execution machine
    Can not reconnect to slot1_1@CRUSH-10-5-137-138, rescheduling job
...
022 (5509042.000.000) 03/13 15:21:37 Job disconnected, attempting to reconnect
    Socket between submit and execute hosts closed unexpectedly
    Trying to reconnect to slot1_1@CRUSH-10-5-137-138 <10.5.137.138:9618?addrs=10.5.137.138-9618+[--1]-9618&noUDP&sock=3169_3fb7_3>
...
024 (5509042.000.000) 03/13 15:21:37 Job reconnection failed
    Job not found at execution machine
    Can not reconnect to slot1_1@CRUSH-10-5-137-138, rescheduling job
...
022 (5509042.000.000) 03/13 15:22:38 Job disconnected, attempting to reconnect
    Socket between submit and execute hosts closed unexpectedly
    Trying to reconnect to slot1_1@CRUSH-10-5-137-138 <10.5.137.138:9618?addrs=10.5.137.138-9618+[--1]-9618&noUDP&sock=3169_3fb7_3>
...
024 (5509042.000.000) 03/13 15:22:38 Job reconnection failed
    Job not found at execution machine
    Can not reconnect to slot1_1@CRUSH-10-5-137-138, rescheduling job
...
022 (5509042.000.000) 03/13 15:23:37 Job disconnected, attempting to reconnect
    Socket between submit and execute hosts closed unexpectedly
    Trying to reconnect to slot1_1@CRUSH-10-5-137-138 <10.5.137.138:9618?addrs=10.5.137.138-9618+[--1]-9618&noUDP&sock=3169_3fb7_3>
...
024 (5509042.000.000) 03/13 15:23:37 Job reconnection failed
    Job not found at execution machine
    Can not reconnect to slot1_1@CRUSH-10-5-137-138, rescheduling job
...
022 (5509042.000.000) 03/13 15:24:38 Job disconnected, attempting to reconnect
    Socket between submit and execute hosts closed unexpectedly
    Trying to reconnect to slot1_1@CRUSH-10-5-137-138 <10.5.137.138:9618?addrs=10.5.137.138-9618+[--1]-9618&noUDP&sock=3169_3fb7_3>
...
024 (5509042.000.000) 03/13 15:24:38 Job reconnection failed
    Job not found at execution machine
    Can not reconnect to slot1_1@CRUSH-10-5-137-138, rescheduling job
...
022 (5509042.000.000) 03/13 15:25:37 Job disconnected, attempting to reconnect
    Socket between submit and execute hosts closed unexpectedly
    Trying to reconnect to slot1_1@CRUSH-10-5-137-138 <10.5.137.138:9618?addrs=10.5.137.138-9618+[--1]-9618&noUDP&sock=3169_3fb7_3>
...
024 (5509042.000.000) 03/13 15:25:38 Job reconnection failed
    Job not found at execution machine
    Can not reconnect to slot1_1@CRUSH-10-5-137-138, rescheduling job
...
022 (5509042.000.000) 03/13 15:26:38 Job disconnected, attempting to reconnect
    Socket between submit and execute hosts closed unexpectedly
    Trying to reconnect to slot1_1@CRUSH-10-5-137-138 <10.5.137.138:9618?addrs=10.5.137.138-9618+[--1]-9618&noUDP&sock=3169_3fb7_3>
...
024 (5509042.000.000) 03/13 15:26:38 Job reconnection failed
    Job not found at execution machine
    Can not reconnect to slot1_1@CRUSH-10-5-137-138, rescheduling job
...
022 (5509042.000.000) 03/13 15:27:38 Job disconnected, attempting to reconnect
    Socket between submit and execute hosts closed unexpectedly
    Trying to reconnect to slot1_1@CRUSH-10-5-137-138 <10.5.137.138:9618?addrs=10.5.137.138-9618+[--1]-9618&noUDP&sock=3169_3fb7_3>
...
024 (5509042.000.000) 03/13 15:27:38 Job reconnection failed
    Job not found at execution machine
    Can not reconnect to slot1_1@CRUSH-10-5-137-138, rescheduling job
...
022 (5509042.000.000) 03/13 15:28:37 Job disconnected, attempting to reconnect
    Socket between submit and execute hosts closed unexpectedly
    Trying to reconnect to slot1_1@CRUSH-10-5-137-138 <10.5.137.138:9618?addrs=10.5.137.138-9618+[--1]-9618&noUDP&sock=3169_3fb7_3>
...
024 (5509042.000.000) 03/13 15:28:37 Job reconnection failed
    Job not found at execution machine
    Can not reconnect to slot1_1@CRUSH-10-5-137-138, rescheduling job
...
022 (5509042.000.000) 03/13 15:29:38 Job disconnected, attempting to reconnect
    Socket between submit and execute hosts closed unexpectedly
    Trying to reconnect to slot1_1@CRUSH-10-5-137-138 <10.5.137.138:9618?addrs=10.5.137.138-9618+[--1]-9618&noUDP&sock=3169_3fb7_3>
...
024 (5509042.000.000) 03/13 15:29:38 Job reconnection failed
    Job not found at execution machine
    Can not reconnect to slot1_1@CRUSH-10-5-137-138, rescheduling job
...
022 (5509042.000.000) 03/13 15:30:37 Job disconnected, attempting to reconnect
    Socket between submit and execute hosts closed unexpectedly
    Trying to reconnect to slot1_1@CRUSH-10-5-137-138 <10.5.137.138:9618?addrs=10.5.137.138-9618+[--1]-9618&noUDP&sock=3169_3fb7_3>
...
024 (5509042.000.000) 03/13 15:30:37 Job reconnection failed
    Job not found at execution machine
    Can not reconnect to slot1_1@CRUSH-10-5-137-138, rescheduling job
...
022 (5509042.000.000) 03/13 15:31:38 Job disconnected, attempting to reconnect
    Socket between submit and execute hosts closed unexpectedly
    Trying to reconnect to slot1_1@CRUSH-10-5-137-138 <10.5.137.138:9618?addrs=10.5.137.138-9618+[--1]-9618&noUDP&sock=3169_3fb7_3>
...
024 (5509042.000.000) 03/13 15:31:38 Job reconnection failed
    Job not found at execution machine
    Can not reconnect to slot1_1@CRUSH-10-5-137-138, rescheduling job
...
022 (5509042.000.000) 03/13 15:32:37 Job disconnected, attempting to reconnect
    Socket between submit and execute hosts closed unexpectedly
    Trying to reconnect to slot1_1@CRUSH-10-5-137-138 <10.5.137.138:9618?addrs=10.5.137.138-9618+[--1]-9618&noUDP&sock=3169_3fb7_3>
...
024 (5509042.000.000) 03/13 15:32:37 Job reconnection failed
    Job not found at execution machine
    Can not reconnect to slot1_1@CRUSH-10-5-137-138, rescheduling job
...
001 (5509042.000.000) 03/13 15:33:38 Job executing on host: <10.5.218.148:9618?addrs=10.5.218.148-9618+[--1]-9618&noUDP&sock=2189_5d4e_3>
...
006 (5509042.000.000) 03/13 15:33:47 Image size of job updated: 12320
	7  -  MemoryUsage of job (MB)
	6732  -  ResidentSetSize of job (KB)
...
006 (5509042.000.000) 03/13 15:38:48 Image size of job updated: 12464
	7  -  MemoryUsage of job (MB)
	6736  -  ResidentSetSize of job (KB)
...
005 (5509042.000.000) 03/14 04:10:21 Job terminated.
	(1) Normal termination (return value 0)
		Usr 0 12:32:16, Sys 0 00:00:15  -  Run Remote Usage
		Usr 0 00:00:00, Sys 0 00:00:00  -  Run Local Usage
		Usr 0 12:32:16, Sys 0 00:00:15  -  Total Remote Usage
		Usr 0 00:00:00, Sys 0 00:00:00  -  Total Local Usage
	0  -  Run Bytes Sent By Job
	0  -  Run Bytes Received By Job
	0  -  Total Bytes Sent By Job
	0  -  Total Bytes Received By Job
	Partitionable Resources :    Usage  Request Allocated
	   Cpus                 :                 1         1
	   Disk (KB)            :        5        5   1506051
	   Memory (MB)          :        7        1         1
...
